Archive member included because of file (symbol)

..\libavr51g2_16qm_8x_2y_krs_2rs.a(burst_qm_1.o)
                              touch.o (burst_qm_1)
..\libavr51g2_16qm_8x_2y_krs_2rs.a(burst_qm_2.o)
                              touch.o (burst_qm_2)
..\libavr51g2_16qm_8x_2y_krs_2rs.a(touch_api.o)
                              touch.o (qt_enable_key)
..\libavr51g2_16qm_8x_2y_krs_2rs.a(touch_process.o)
                              ..\libavr51g2_16qm_8x_2y_krs_2rs.a(touch_api.o) (sensors)
..\libavr51g2_16qm_8x_2y_krs_2rs.a(touch_burst_qm.o)
                              ..\libavr51g2_16qm_8x_2y_krs_2rs.a(touch_api.o) (burst_reset)
..\libavr51g2_16qm_8x_2y_krs_2rs.a(touch_rs_qm.o)
                              ..\libavr51g2_16qm_8x_2y_krs_2rs.a(touch_api.o) (num_rotors_sliders)
c:/program files (x86)/atmel/atmel toolchain/avr8 gcc/native/3.4.1061/avr8-gnu-toolchain/bin/../lib/gcc/avr/4.8.1/avr51\libgcc.a(_mulsi3.o)
                              ..\libavr51g2_16qm_8x_2y_krs_2rs.a(touch_rs_qm.o) (__mulsi3)
c:/program files (x86)/atmel/atmel toolchain/avr8 gcc/native/3.4.1061/avr8-gnu-toolchain/bin/../lib/gcc/avr/4.8.1/avr51\libgcc.a(_exit.o)
                              c:/program files (x86)/atmel/atmel toolchain/avr8 gcc/native/3.4.1061/avr8-gnu-toolchain/bin/../lib/gcc/avr/4.8.1/../../../../avr/lib/avr51/crtusb1287.o (exit)
c:/program files (x86)/atmel/atmel toolchain/avr8 gcc/native/3.4.1061/avr8-gnu-toolchain/bin/../lib/gcc/avr/4.8.1/avr51\libgcc.a(_copy_data.o)
                              oled.o (__do_copy_data)
c:/program files (x86)/atmel/atmel toolchain/avr8 gcc/native/3.4.1061/avr8-gnu-toolchain/bin/../lib/gcc/avr/4.8.1/avr51\libgcc.a(_clear_bss.o)
                              oled.o (__do_clear_bss)
c:/program files (x86)/atmel/atmel toolchain/avr8 gcc/native/3.4.1061/avr8-gnu-toolchain/bin/../lib/gcc/avr/4.8.1/avr51\libgcc.a(_muluhisi3.o)
                              c:/program files (x86)/atmel/atmel toolchain/avr8 gcc/native/3.4.1061/avr8-gnu-toolchain/bin/../lib/gcc/avr/4.8.1/avr51\libgcc.a(_mulsi3.o) (__muluhisi3)
c:/program files (x86)/atmel/atmel toolchain/avr8 gcc/native/3.4.1061/avr8-gnu-toolchain/bin/../lib/gcc/avr/4.8.1/avr51\libgcc.a(_prologue.o)
                              ..\libavr51g2_16qm_8x_2y_krs_2rs.a(burst_qm_1.o) (__prologue_saves__)
c:/program files (x86)/atmel/atmel toolchain/avr8 gcc/native/3.4.1061/avr8-gnu-toolchain/bin/../lib/gcc/avr/4.8.1/avr51\libgcc.a(_epilogue.o)
                              ..\libavr51g2_16qm_8x_2y_krs_2rs.a(burst_qm_1.o) (__epilogue_restores__)
c:/program files (x86)/atmel/atmel toolchain/avr8 gcc/native/3.4.1061/avr8-gnu-toolchain/bin/../lib/gcc/avr/4.8.1/avr51\libgcc.a(_umulhisi3.o)
                              c:/program files (x86)/atmel/atmel toolchain/avr8 gcc/native/3.4.1061/avr8-gnu-toolchain/bin/../lib/gcc/avr/4.8.1/avr51\libgcc.a(_muluhisi3.o) (__umulhisi3)
c:/program files (x86)/atmel/atmel toolchain/avr8 gcc/native/3.4.1061/avr8-gnu-toolchain/bin/../lib/gcc/avr/4.8.1/../../../../avr/lib/avr51\libc.a(itoa_ncheck.o)
                              touchdrivertest.o (__itoa_ncheck)
c:/program files (x86)/atmel/atmel toolchain/avr8 gcc/native/3.4.1061/avr8-gnu-toolchain/bin/../lib/gcc/avr/4.8.1/../../../../avr/lib/avr51\libc.a(utoa_ncheck.o)
                              c:/program files (x86)/atmel/atmel toolchain/avr8 gcc/native/3.4.1061/avr8-gnu-toolchain/bin/../lib/gcc/avr/4.8.1/../../../../avr/lib/avr51\libc.a(itoa_ncheck.o) (__utoa_common)
c:/program files (x86)/atmel/atmel toolchain/avr8 gcc/native/3.4.1061/avr8-gnu-toolchain/bin/../lib/gcc/avr/4.8.1/../../../../avr/lib/avr51\libc.a(strrev.o)
                              c:/program files (x86)/atmel/atmel toolchain/avr8 gcc/native/3.4.1061/avr8-gnu-toolchain/bin/../lib/gcc/avr/4.8.1/../../../../avr/lib/avr51\libc.a(utoa_ncheck.o) (strrev)

Allocating common symbols
Common symbol       size              file

qt_config_data      0x7               ..\libavr51g2_16qm_8x_2y_krs_2rs.a(touch_api.o)
qt_filter_callback  0x2               ..\libavr51g2_16qm_8x_2y_krs_2rs.a(touch_api.o)
num_rotors_sliders  0x1               ..\libavr51g2_16qm_8x_2y_krs_2rs.a(touch_rs_qm.o)
reg_clya            0x1               ..\libavr51g2_16qm_8x_2y_krs_2rs.a(touch_burst_qm.o)
old_isr_state       0x1               ..\libavr51g2_16qm_8x_2y_krs_2rs.a(touch_burst_qm.o)
reg_flyab           0x1               ..\libavr51g2_16qm_8x_2y_krs_2rs.a(touch_burst_qm.o)
reg_clyb            0x1               ..\libavr51g2_16qm_8x_2y_krs_2rs.a(touch_burst_qm.o)
qt_measure_data     0x44              ..\libavr51g2_16qm_8x_2y_krs_2rs.a(touch_api.o)
dht_counter         0x1               ..\libavr51g2_16qm_8x_2y_krs_2rs.a(touch_process.o)
reg_flyb            0x1               ..\libavr51g2_16qm_8x_2y_krs_2rs.a(touch_burst_qm.o)
lib_status_flags    0x2               ..\libavr51g2_16qm_8x_2y_krs_2rs.a(touch_api.o)
num_sensors         0x1               ..\libavr51g2_16qm_8x_2y_krs_2rs.a(touch_process.o)
burst_mask          0x5               ..\libavr51g2_16qm_8x_2y_krs_2rs.a(touch_burst_qm.o)
reg_flya            0x1               ..\libavr51g2_16qm_8x_2y_krs_2rs.a(touch_burst_qm.o)
sensors             0x80              ..\libavr51g2_16qm_8x_2y_krs_2rs.a(touch_process.o)

Discarded input sections

 .data          0x00000000        0x0 c:/program files (x86)/atmel/atmel toolchain/avr8 gcc/native/3.4.1061/avr8-gnu-toolchain/bin/../lib/gcc/avr/4.8.1/../../../../avr/lib/avr51/crtusb1287.o
 .bss           0x00000000        0x0 c:/program files (x86)/atmel/atmel toolchain/avr8 gcc/native/3.4.1061/avr8-gnu-toolchain/bin/../lib/gcc/avr/4.8.1/../../../../avr/lib/avr51/crtusb1287.o
 .text          0x00000000        0x0 oled.o
 .data          0x00000000        0x0 oled.o
 .bss           0x00000000        0x0 oled.o
 .text.oled_pos
                0x00000000       0x42 oled.o
 .text.oled_draw_line
                0x00000000        0xe oled.o
 .data          0x00000000        0x0 qm_asm_tiny_mega.o
 .bss           0x00000000        0x0 qm_asm_tiny_mega.o
 .text          0x00000000        0x0 touch.o
 .data          0x00000000        0x0 touch.o
 .bss           0x00000000        0x0 touch.o
 .text          0x00000000        0x0 touchdrivertest.o
 .data          0x00000000        0x0 touchdrivertest.o
 .bss           0x00000000        0x0 touchdrivertest.o
 .data          0x00000000        0x0 ..\libavr51g2_16qm_8x_2y_krs_2rs.a(burst_qm_1.o)
 .bss           0x00000000        0x0 ..\libavr51g2_16qm_8x_2y_krs_2rs.a(burst_qm_1.o)
 .data          0x00000000        0x0 ..\libavr51g2_16qm_8x_2y_krs_2rs.a(burst_qm_2.o)
 .bss           0x00000000        0x0 ..\libavr51g2_16qm_8x_2y_krs_2rs.a(burst_qm_2.o)
 .data          0x00000000        0x0 ..\libavr51g2_16qm_8x_2y_krs_2rs.a(touch_process.o)
 .bss           0x00000000        0x0 ..\libavr51g2_16qm_8x_2y_krs_2rs.a(touch_burst_qm.o)
 .data          0x00000000        0x0 ..\libavr51g2_16qm_8x_2y_krs_2rs.a(touch_rs_qm.o)
 .text          0x00000000        0x0 c:/program files (x86)/atmel/atmel toolchain/avr8 gcc/native/3.4.1061/avr8-gnu-toolchain/bin/../lib/gcc/avr/4.8.1/avr51\libgcc.a(_mulsi3.o)
 .data          0x00000000        0x0 c:/program files (x86)/atmel/atmel toolchain/avr8 gcc/native/3.4.1061/avr8-gnu-toolchain/bin/../lib/gcc/avr/4.8.1/avr51\libgcc.a(_mulsi3.o)
 .bss           0x00000000        0x0 c:/program files (x86)/atmel/atmel toolchain/avr8 gcc/native/3.4.1061/avr8-gnu-toolchain/bin/../lib/gcc/avr/4.8.1/avr51\libgcc.a(_mulsi3.o)
 .text.libgcc.div
                0x00000000        0x0 c:/program files (x86)/atmel/atmel toolchain/avr8 gcc/native/3.4.1061/avr8-gnu-toolchain/bin/../lib/gcc/avr/4.8.1/avr51\libgcc.a(_mulsi3.o)
 .text.libgcc   0x00000000        0x0 c:/program files (x86)/atmel/atmel toolchain/avr8 gcc/native/3.4.1061/avr8-gnu-toolchain/bin/../lib/gcc/avr/4.8.1/avr51\libgcc.a(_mulsi3.o)
 .text.libgcc.prologue
                0x00000000        0x0 c:/program files (x86)/atmel/atmel toolchain/avr8 gcc/native/3.4.1061/avr8-gnu-toolchain/bin/../lib/gcc/avr/4.8.1/avr51\libgcc.a(_mulsi3.o)
 .text.libgcc.builtins
                0x00000000        0x0 c:/program files (x86)/atmel/atmel toolchain/avr8 gcc/native/3.4.1061/avr8-gnu-toolchain/bin/../lib/gcc/avr/4.8.1/avr51\libgcc.a(_mulsi3.o)
 .text.libgcc.fmul
                0x00000000        0x0 c:/program files (x86)/atmel/atmel toolchain/avr8 gcc/native/3.4.1061/avr8-gnu-toolchain/bin/../lib/gcc/avr/4.8.1/avr51\libgcc.a(_mulsi3.o)
 .text.libgcc.fixed
                0x00000000        0x0 c:/program files (x86)/atmel/atmel toolchain/avr8 gcc/native/3.4.1061/avr8-gnu-toolchain/bin/../lib/gcc/avr/4.8.1/avr51\libgcc.a(_mulsi3.o)
 .text          0x00000000        0x0 c:/program files (x86)/atmel/atmel toolchain/avr8 gcc/native/3.4.1061/avr8-gnu-toolchain/bin/../lib/gcc/avr/4.8.1/avr51\libgcc.a(_exit.o)
 .data          0x00000000        0x0 c:/program files (x86)/atmel/atmel toolchain/avr8 gcc/native/3.4.1061/avr8-gnu-toolchain/bin/../lib/gcc/avr/4.8.1/avr51\libgcc.a(_exit.o)
 .bss           0x00000000        0x0 c:/program files (x86)/atmel/atmel toolchain/avr8 gcc/native/3.4.1061/avr8-gnu-toolchain/bin/../lib/gcc/avr/4.8.1/avr51\libgcc.a(_exit.o)
 .text.libgcc.mul
                0x00000000        0x0 c:/program files (x86)/atmel/atmel toolchain/avr8 gcc/native/3.4.1061/avr8-gnu-toolchain/bin/../lib/gcc/avr/4.8.1/avr51\libgcc.a(_exit.o)
 .text.libgcc.div
                0x00000000        0x0 c:/program files (x86)/atmel/atmel toolchain/avr8 gcc/native/3.4.1061/avr8-gnu-toolchain/bin/../lib/gcc/avr/4.8.1/avr51\libgcc.a(_exit.o)
 .text.libgcc   0x00000000        0x0 c:/program files (x86)/atmel/atmel toolchain/avr8 gcc/native/3.4.1061/avr8-gnu-toolchain/bin/../lib/gcc/avr/4.8.1/avr51\libgcc.a(_exit.o)
 .text.libgcc.prologue
                0x00000000        0x0 c:/program files (x86)/atmel/atmel toolchain/avr8 gcc/native/3.4.1061/avr8-gnu-toolchain/bin/../lib/gcc/avr/4.8.1/avr51\libgcc.a(_exit.o)
 .text.libgcc.builtins
                0x00000000        0x0 c:/program files (x86)/atmel/atmel toolchain/avr8 gcc/native/3.4.1061/avr8-gnu-toolchain/bin/../lib/gcc/avr/4.8.1/avr51\libgcc.a(_exit.o)
 .text.libgcc.fmul
                0x00000000        0x0 c:/program files (x86)/atmel/atmel toolchain/avr8 gcc/native/3.4.1061/avr8-gnu-toolchain/bin/../lib/gcc/avr/4.8.1/avr51\libgcc.a(_exit.o)
 .text.libgcc.fixed
                0x00000000        0x0 c:/program files (x86)/atmel/atmel toolchain/avr8 gcc/native/3.4.1061/avr8-gnu-toolchain/bin/../lib/gcc/avr/4.8.1/avr51\libgcc.a(_exit.o)
 .text          0x00000000        0x0 c:/program files (x86)/atmel/atmel toolchain/avr8 gcc/native/3.4.1061/avr8-gnu-toolchain/bin/../lib/gcc/avr/4.8.1/avr51\libgcc.a(_copy_data.o)
 .data          0x00000000        0x0 c:/program files (x86)/atmel/atmel toolchain/avr8 gcc/native/3.4.1061/avr8-gnu-toolchain/bin/../lib/gcc/avr/4.8.1/avr51\libgcc.a(_copy_data.o)
 .bss           0x00000000        0x0 c:/program files (x86)/atmel/atmel toolchain/avr8 gcc/native/3.4.1061/avr8-gnu-toolchain/bin/../lib/gcc/avr/4.8.1/avr51\libgcc.a(_copy_data.o)
 .text.libgcc.mul
                0x00000000        0x0 c:/program files (x86)/atmel/atmel toolchain/avr8 gcc/native/3.4.1061/avr8-gnu-toolchain/bin/../lib/gcc/avr/4.8.1/avr51\libgcc.a(_copy_data.o)
 .text.libgcc.div
                0x00000000        0x0 c:/program files (x86)/atmel/atmel toolchain/avr8 gcc/native/3.4.1061/avr8-gnu-toolchain/bin/../lib/gcc/avr/4.8.1/avr51\libgcc.a(_copy_data.o)
 .text.libgcc   0x00000000        0x0 c:/program files (x86)/atmel/atmel toolchain/avr8 gcc/native/3.4.1061/avr8-gnu-toolchain/bin/../lib/gcc/avr/4.8.1/avr51\libgcc.a(_copy_data.o)
 .text.libgcc.prologue
                0x00000000        0x0 c:/program files (x86)/atmel/atmel toolchain/avr8 gcc/native/3.4.1061/avr8-gnu-toolchain/bin/../lib/gcc/avr/4.8.1/avr51\libgcc.a(_copy_data.o)
 .text.libgcc.builtins
                0x00000000        0x0 c:/program files (x86)/atmel/atmel toolchain/avr8 gcc/native/3.4.1061/avr8-gnu-toolchain/bin/../lib/gcc/avr/4.8.1/avr51\libgcc.a(_copy_data.o)
 .text.libgcc.fmul
                0x00000000        0x0 c:/program files (x86)/atmel/atmel toolchain/avr8 gcc/native/3.4.1061/avr8-gnu-toolchain/bin/../lib/gcc/avr/4.8.1/avr51\libgcc.a(_copy_data.o)
 .text.libgcc.fixed
                0x00000000        0x0 c:/program files (x86)/atmel/atmel toolchain/avr8 gcc/native/3.4.1061/avr8-gnu-toolchain/bin/../lib/gcc/avr/4.8.1/avr51\libgcc.a(_copy_data.o)
 .text          0x00000000        0x0 c:/program files (x86)/atmel/atmel toolchain/avr8 gcc/native/3.4.1061/avr8-gnu-toolchain/bin/../lib/gcc/avr/4.8.1/avr51\libgcc.a(_clear_bss.o)
 .data          0x00000000        0x0 c:/program files (x86)/atmel/atmel toolchain/avr8 gcc/native/3.4.1061/avr8-gnu-toolchain/bin/../lib/gcc/avr/4.8.1/avr51\libgcc.a(_clear_bss.o)
 .bss           0x00000000        0x0 c:/program files (x86)/atmel/atmel toolchain/avr8 gcc/native/3.4.1061/avr8-gnu-toolchain/bin/../lib/gcc/avr/4.8.1/avr51\libgcc.a(_clear_bss.o)
 .text.libgcc.mul
                0x00000000        0x0 c:/program files (x86)/atmel/atmel toolchain/avr8 gcc/native/3.4.1061/avr8-gnu-toolchain/bin/../lib/gcc/avr/4.8.1/avr51\libgcc.a(_clear_bss.o)
 .text.libgcc.div
                0x00000000        0x0 c:/program files (x86)/atmel/atmel toolchain/avr8 gcc/native/3.4.1061/avr8-gnu-toolchain/bin/../lib/gcc/avr/4.8.1/avr51\libgcc.a(_clear_bss.o)
 .text.libgcc   0x00000000        0x0 c:/program files (x86)/atmel/atmel toolchain/avr8 gcc/native/3.4.1061/avr8-gnu-toolchain/bin/../lib/gcc/avr/4.8.1/avr51\libgcc.a(_clear_bss.o)
 .text.libgcc.prologue
                0x00000000        0x0 c:/program files (x86)/atmel/atmel toolchain/avr8 gcc/native/3.4.1061/avr8-gnu-toolchain/bin/../lib/gcc/avr/4.8.1/avr51\libgcc.a(_clear_bss.o)
 .text.libgcc.builtins
                0x00000000        0x0 c:/program files (x86)/atmel/atmel toolchain/avr8 gcc/native/3.4.1061/avr8-gnu-toolchain/bin/../lib/gcc/avr/4.8.1/avr51\libgcc.a(_clear_bss.o)
 .text.libgcc.fmul
                0x00000000        0x0 c:/program files (x86)/atmel/atmel toolchain/avr8 gcc/native/3.4.1061/avr8-gnu-toolchain/bin/../lib/gcc/avr/4.8.1/avr51\libgcc.a(_clear_bss.o)
 .text.libgcc.fixed
                0x00000000        0x0 c:/program files (x86)/atmel/atmel toolchain/avr8 gcc/native/3.4.1061/avr8-gnu-toolchain/bin/../lib/gcc/avr/4.8.1/avr51\libgcc.a(_clear_bss.o)
 .text          0x00000000        0x0 c:/program files (x86)/atmel/atmel toolchain/avr8 gcc/native/3.4.1061/avr8-gnu-toolchain/bin/../lib/gcc/avr/4.8.1/avr51\libgcc.a(_muluhisi3.o)
 .data          0x00000000        0x0 c:/program files (x86)/atmel/atmel toolchain/avr8 gcc/native/3.4.1061/avr8-gnu-toolchain/bin/../lib/gcc/avr/4.8.1/avr51\libgcc.a(_muluhisi3.o)
 .bss           0x00000000        0x0 c:/program files (x86)/atmel/atmel toolchain/avr8 gcc/native/3.4.1061/avr8-gnu-toolchain/bin/../lib/gcc/avr/4.8.1/avr51\libgcc.a(_muluhisi3.o)
 .text.libgcc.div
                0x00000000        0x0 c:/program files (x86)/atmel/atmel toolchain/avr8 gcc/native/3.4.1061/avr8-gnu-toolchain/bin/../lib/gcc/avr/4.8.1/avr51\libgcc.a(_muluhisi3.o)
 .text.libgcc   0x00000000        0x0 c:/program files (x86)/atmel/atmel toolchain/avr8 gcc/native/3.4.1061/avr8-gnu-toolchain/bin/../lib/gcc/avr/4.8.1/avr51\libgcc.a(_muluhisi3.o)
 .text.libgcc.prologue
                0x00000000        0x0 c:/program files (x86)/atmel/atmel toolchain/avr8 gcc/native/3.4.1061/avr8-gnu-toolchain/bin/../lib/gcc/avr/4.8.1/avr51\libgcc.a(_muluhisi3.o)
 .text.libgcc.builtins
                0x00000000        0x0 c:/program files (x86)/atmel/atmel toolchain/avr8 gcc/native/3.4.1061/avr8-gnu-toolchain/bin/../lib/gcc/avr/4.8.1/avr51\libgcc.a(_muluhisi3.o)
 .text.libgcc.fmul
                0x00000000        0x0 c:/program files (x86)/atmel/atmel toolchain/avr8 gcc/native/3.4.1061/avr8-gnu-toolchain/bin/../lib/gcc/avr/4.8.1/avr51\libgcc.a(_muluhisi3.o)
 .text.libgcc.fixed
                0x00000000        0x0 c:/program files (x86)/atmel/atmel toolchain/avr8 gcc/native/3.4.1061/avr8-gnu-toolchain/bin/../lib/gcc/avr/4.8.1/avr51\libgcc.a(_muluhisi3.o)
 .text          0x00000000        0x0 c:/program files (x86)/atmel/atmel toolchain/avr8 gcc/native/3.4.1061/avr8-gnu-toolchain/bin/../lib/gcc/avr/4.8.1/avr51\libgcc.a(_prologue.o)
 .data          0x00000000        0x0 c:/program files (x86)/atmel/atmel toolchain/avr8 gcc/native/3.4.1061/avr8-gnu-toolchain/bin/../lib/gcc/avr/4.8.1/avr51\libgcc.a(_prologue.o)
 .bss           0x00000000        0x0 c:/program files (x86)/atmel/atmel toolchain/avr8 gcc/native/3.4.1061/avr8-gnu-toolchain/bin/../lib/gcc/avr/4.8.1/avr51\libgcc.a(_prologue.o)
 .text.libgcc.mul
                0x00000000        0x0 c:/program files (x86)/atmel/atmel toolchain/avr8 gcc/native/3.4.1061/avr8-gnu-toolchain/bin/../lib/gcc/avr/4.8.1/avr51\libgcc.a(_prologue.o)
 .text.libgcc.div
                0x00000000        0x0 c:/program files (x86)/atmel/atmel toolchain/avr8 gcc/native/3.4.1061/avr8-gnu-toolchain/bin/../lib/gcc/avr/4.8.1/avr51\libgcc.a(_prologue.o)
 .text.libgcc   0x00000000        0x0 c:/program files (x86)/atmel/atmel toolchain/avr8 gcc/native/3.4.1061/avr8-gnu-toolchain/bin/../lib/gcc/avr/4.8.1/avr51\libgcc.a(_prologue.o)
 .text.libgcc.builtins
                0x00000000        0x0 c:/program files (x86)/atmel/atmel toolchain/avr8 gcc/native/3.4.1061/avr8-gnu-toolchain/bin/../lib/gcc/avr/4.8.1/avr51\libgcc.a(_prologue.o)
 .text.libgcc.fmul
                0x00000000        0x0 c:/program files (x86)/atmel/atmel toolchain/avr8 gcc/native/3.4.1061/avr8-gnu-toolchain/bin/../lib/gcc/avr/4.8.1/avr51\libgcc.a(_prologue.o)
 .text.libgcc.fixed
                0x00000000        0x0 c:/program files (x86)/atmel/atmel toolchain/avr8 gcc/native/3.4.1061/avr8-gnu-toolchain/bin/../lib/gcc/avr/4.8.1/avr51\libgcc.a(_prologue.o)
 .text          0x00000000        0x0 c:/program files (x86)/atmel/atmel toolchain/avr8 gcc/native/3.4.1061/avr8-gnu-toolchain/bin/../lib/gcc/avr/4.8.1/avr51\libgcc.a(_epilogue.o)
 .data          0x00000000        0x0 c:/program files (x86)/atmel/atmel toolchain/avr8 gcc/native/3.4.1061/avr8-gnu-toolchain/bin/../lib/gcc/avr/4.8.1/avr51\libgcc.a(_epilogue.o)
 .bss           0x00000000        0x0 c:/program files (x86)/atmel/atmel toolchain/avr8 gcc/native/3.4.1061/avr8-gnu-toolchain/bin/../lib/gcc/avr/4.8.1/avr51\libgcc.a(_epilogue.o)
 .text.libgcc.mul
                0x00000000        0x0 c:/program files (x86)/atmel/atmel toolchain/avr8 gcc/native/3.4.1061/avr8-gnu-toolchain/bin/../lib/gcc/avr/4.8.1/avr51\libgcc.a(_epilogue.o)
 .text.libgcc.div
                0x00000000        0x0 c:/program files (x86)/atmel/atmel toolchain/avr8 gcc/native/3.4.1061/avr8-gnu-toolchain/bin/../lib/gcc/avr/4.8.1/avr51\libgcc.a(_epilogue.o)
 .text.libgcc   0x00000000        0x0 c:/program files (x86)/atmel/atmel toolchain/avr8 gcc/native/3.4.1061/avr8-gnu-toolchain/bin/../lib/gcc/avr/4.8.1/avr51\libgcc.a(_epilogue.o)
 .text.libgcc.builtins
                0x00000000        0x0 c:/program files (x86)/atmel/atmel toolchain/avr8 gcc/native/3.4.1061/avr8-gnu-toolchain/bin/../lib/gcc/avr/4.8.1/avr51\libgcc.a(_epilogue.o)
 .text.libgcc.fmul
                0x00000000        0x0 c:/program files (x86)/atmel/atmel toolchain/avr8 gcc/native/3.4.1061/avr8-gnu-toolchain/bin/../lib/gcc/avr/4.8.1/avr51\libgcc.a(_epilogue.o)
 .text.libgcc.fixed
                0x00000000        0x0 c:/program files (x86)/atmel/atmel toolchain/avr8 gcc/native/3.4.1061/avr8-gnu-toolchain/bin/../lib/gcc/avr/4.8.1/avr51\libgcc.a(_epilogue.o)
 .text          0x00000000        0x0 c:/program files (x86)/atmel/atmel toolchain/avr8 gcc/native/3.4.1061/avr8-gnu-toolchain/bin/../lib/gcc/avr/4.8.1/avr51\libgcc.a(_umulhisi3.o)
 .data          0x00000000        0x0 c:/program files (x86)/atmel/atmel toolchain/avr8 gcc/native/3.4.1061/avr8-gnu-toolchain/bin/../lib/gcc/avr/4.8.1/avr51\libgcc.a(_umulhisi3.o)
 .bss           0x00000000        0x0 c:/program files (x86)/atmel/atmel toolchain/avr8 gcc/native/3.4.1061/avr8-gnu-toolchain/bin/../lib/gcc/avr/4.8.1/avr51\libgcc.a(_umulhisi3.o)
 .text.libgcc.div
                0x00000000        0x0 c:/program files (x86)/atmel/atmel toolchain/avr8 gcc/native/3.4.1061/avr8-gnu-toolchain/bin/../lib/gcc/avr/4.8.1/avr51\libgcc.a(_umulhisi3.o)
 .text.libgcc   0x00000000        0x0 c:/program files (x86)/atmel/atmel toolchain/avr8 gcc/native/3.4.1061/avr8-gnu-toolchain/bin/../lib/gcc/avr/4.8.1/avr51\libgcc.a(_umulhisi3.o)
 .text.libgcc.prologue
                0x00000000        0x0 c:/program files (x86)/atmel/atmel toolchain/avr8 gcc/native/3.4.1061/avr8-gnu-toolchain/bin/../lib/gcc/avr/4.8.1/avr51\libgcc.a(_umulhisi3.o)
 .text.libgcc.builtins
                0x00000000        0x0 c:/program files (x86)/atmel/atmel toolchain/avr8 gcc/native/3.4.1061/avr8-gnu-toolchain/bin/../lib/gcc/avr/4.8.1/avr51\libgcc.a(_umulhisi3.o)
 .text.libgcc.fmul
                0x00000000        0x0 c:/program files (x86)/atmel/atmel toolchain/avr8 gcc/native/3.4.1061/avr8-gnu-toolchain/bin/../lib/gcc/avr/4.8.1/avr51\libgcc.a(_umulhisi3.o)
 .text.libgcc.fixed
                0x00000000        0x0 c:/program files (x86)/atmel/atmel toolchain/avr8 gcc/native/3.4.1061/avr8-gnu-toolchain/bin/../lib/gcc/avr/4.8.1/avr51\libgcc.a(_umulhisi3.o)
 .text          0x00000000        0x0 c:/program files (x86)/atmel/atmel toolchain/avr8 gcc/native/3.4.1061/avr8-gnu-toolchain/bin/../lib/gcc/avr/4.8.1/../../../../avr/lib/avr51\libc.a(itoa_ncheck.o)
 .data          0x00000000        0x0 c:/program files (x86)/atmel/atmel toolchain/avr8 gcc/native/3.4.1061/avr8-gnu-toolchain/bin/../lib/gcc/avr/4.8.1/../../../../avr/lib/avr51\libc.a(itoa_ncheck.o)
 .bss           0x00000000        0x0 c:/program files (x86)/atmel/atmel toolchain/avr8 gcc/native/3.4.1061/avr8-gnu-toolchain/bin/../lib/gcc/avr/4.8.1/../../../../avr/lib/avr51\libc.a(itoa_ncheck.o)
 .text          0x00000000        0x0 c:/program files (x86)/atmel/atmel toolchain/avr8 gcc/native/3.4.1061/avr8-gnu-toolchain/bin/../lib/gcc/avr/4.8.1/../../../../avr/lib/avr51\libc.a(utoa_ncheck.o)
 .data          0x00000000        0x0 c:/program files (x86)/atmel/atmel toolchain/avr8 gcc/native/3.4.1061/avr8-gnu-toolchain/bin/../lib/gcc/avr/4.8.1/../../../../avr/lib/avr51\libc.a(utoa_ncheck.o)
 .bss           0x00000000        0x0 c:/program files (x86)/atmel/atmel toolchain/avr8 gcc/native/3.4.1061/avr8-gnu-toolchain/bin/../lib/gcc/avr/4.8.1/../../../../avr/lib/avr51\libc.a(utoa_ncheck.o)
 .text          0x00000000        0x0 c:/program files (x86)/atmel/atmel toolchain/avr8 gcc/native/3.4.1061/avr8-gnu-toolchain/bin/../lib/gcc/avr/4.8.1/../../../../avr/lib/avr51\libc.a(strrev.o)
 .data          0x00000000        0x0 c:/program files (x86)/atmel/atmel toolchain/avr8 gcc/native/3.4.1061/avr8-gnu-toolchain/bin/../lib/gcc/avr/4.8.1/../../../../avr/lib/avr51\libc.a(strrev.o)
 .bss           0x00000000        0x0 c:/program files (x86)/atmel/atmel toolchain/avr8 gcc/native/3.4.1061/avr8-gnu-toolchain/bin/../lib/gcc/avr/4.8.1/../../../../avr/lib/avr51\libc.a(strrev.o)

Memory Configuration

Name             Origin             Length             Attributes
text             0x00000000         0x00020000         xr
data             0x00800100         0x0000ff00         rw !x
eeprom           0x00810000         0x00010000         rw !x
fuse             0x00820000         0x00000400         rw !x
lock             0x00830000         0x00000400         rw !x
signature        0x00840000         0x00000400         rw !x
user_signatures  0x00850000         0x00000400         rw !x
*default*        0x00000000         0xffffffff

Linker script and memory map

Address of section .data set to 0x800100
LOAD c:/program files (x86)/atmel/atmel toolchain/avr8 gcc/native/3.4.1061/avr8-gnu-toolchain/bin/../lib/gcc/avr/4.8.1/../../../../avr/lib/avr51/crtusb1287.o
LOAD oled.o
LOAD qm_asm_tiny_mega.o
LOAD touch.o
LOAD touchdrivertest.o
START GROUP
LOAD c:/program files (x86)/atmel/atmel toolchain/avr8 gcc/native/3.4.1061/avr8-gnu-toolchain/bin/../lib/gcc/avr/4.8.1/../../../../avr/lib/avr51\libm.a
LOAD ..\libavr51g2_16qm_8x_2y_krs_2rs.a
END GROUP
START GROUP
LOAD c:/program files (x86)/atmel/atmel toolchain/avr8 gcc/native/3.4.1061/avr8-gnu-toolchain/bin/../lib/gcc/avr/4.8.1/avr51\libgcc.a
LOAD c:/program files (x86)/atmel/atmel toolchain/avr8 gcc/native/3.4.1061/avr8-gnu-toolchain/bin/../lib/gcc/avr/4.8.1/../../../../avr/lib/avr51\libm.a
LOAD c:/program files (x86)/atmel/atmel toolchain/avr8 gcc/native/3.4.1061/avr8-gnu-toolchain/bin/../lib/gcc/avr/4.8.1/../../../../avr/lib/avr51\libc.a
END GROUP

.hash
 *(.hash)

.dynsym
 *(.dynsym)

.dynstr
 *(.dynstr)

.gnu.version
 *(.gnu.version)

.gnu.version_d
 *(.gnu.version_d)

.gnu.version_r
 *(.gnu.version_r)

.rel.init
 *(.rel.init)

.rela.init
 *(.rela.init)

.rel.text
 *(.rel.text)
 *(.rel.text.*)
 *(.rel.gnu.linkonce.t*)

.rela.text
 *(.rela.text)
 *(.rela.text.*)
 *(.rela.gnu.linkonce.t*)

.rel.fini
 *(.rel.fini)

.rela.fini
 *(.rela.fini)

.rel.rodata
 *(.rel.rodata)
 *(.rel.rodata.*)
 *(.rel.gnu.linkonce.r*)

.rela.rodata
 *(.rela.rodata)
 *(.rela.rodata.*)
 *(.rela.gnu.linkonce.r*)

.rel.data
 *(.rel.data)
 *(.rel.data.*)
 *(.rel.gnu.linkonce.d*)

.rela.data
 *(.rela.data)
 *(.rela.data.*)
 *(.rela.gnu.linkonce.d*)

.rel.ctors
 *(.rel.ctors)

.rela.ctors
 *(.rela.ctors)

.rel.dtors
 *(.rel.dtors)

.rela.dtors
 *(.rela.dtors)

.rel.got
 *(.rel.got)

.rela.got
 *(.rela.got)

.rel.bss
 *(.rel.bss)

.rela.bss
 *(.rela.bss)

.rel.plt
 *(.rel.plt)

.rela.plt
 *(.rela.plt)

.text           0x00000000     0x19e4
 *(.vectors)
 .vectors       0x00000000       0x98 c:/program files (x86)/atmel/atmel toolchain/avr8 gcc/native/3.4.1061/avr8-gnu-toolchain/bin/../lib/gcc/avr/4.8.1/../../../../avr/lib/avr51/crtusb1287.o
                0x00000000                __vector_default
                0x00000000                __vectors
 *(.vectors)
 *(.progmem.gcc*)
                0x00000098                . = ALIGN (0x2)
                0x00000098                __trampolines_start = .
 *(.trampolines)
 .trampolines   0x00000098        0x0 linker stubs
 *(.trampolines*)
                0x00000098                __trampolines_end = .
 *(.progmem*)
                0x00000098                . = ALIGN (0x2)
 *(.jumptables)
 *(.jumptables*)
 *(.lowtext)
 *(.lowtext*)
                0x00000098                __ctors_start = .
 *(.ctors)
                0x00000098                __ctors_end = .
                0x00000098                __dtors_start = .
 *(.dtors)
                0x00000098                __dtors_end = .
 SORT(*)(.ctors)
 SORT(*)(.dtors)
 *(.init0)
 .init0         0x00000098        0x0 c:/program files (x86)/atmel/atmel toolchain/avr8 gcc/native/3.4.1061/avr8-gnu-toolchain/bin/../lib/gcc/avr/4.8.1/../../../../avr/lib/avr51/crtusb1287.o
                0x00000098                __init
 *(.init0)
 *(.init1)
 *(.init1)
 *(.init2)
 .init2         0x00000098        0xc c:/program files (x86)/atmel/atmel toolchain/avr8 gcc/native/3.4.1061/avr8-gnu-toolchain/bin/../lib/gcc/avr/4.8.1/../../../../avr/lib/avr51/crtusb1287.o
 *(.init2)
 *(.init3)
 *(.init3)
 *(.init4)
 .init4         0x000000a4       0x1a c:/program files (x86)/atmel/atmel toolchain/avr8 gcc/native/3.4.1061/avr8-gnu-toolchain/bin/../lib/gcc/avr/4.8.1/avr51\libgcc.a(_copy_data.o)
                0x000000a4                __do_copy_data
 .init4         0x000000be       0x10 c:/program files (x86)/atmel/atmel toolchain/avr8 gcc/native/3.4.1061/avr8-gnu-toolchain/bin/../lib/gcc/avr/4.8.1/avr51\libgcc.a(_clear_bss.o)
                0x000000be                __do_clear_bss
 *(.init4)
 *(.init5)
 *(.init5)
 *(.init6)
 *(.init6)
 *(.init7)
 *(.init7)
 *(.init8)
 *(.init8)
 *(.init9)
 .init9         0x000000ce        0x8 c:/program files (x86)/atmel/atmel toolchain/avr8 gcc/native/3.4.1061/avr8-gnu-toolchain/bin/../lib/gcc/avr/4.8.1/../../../../avr/lib/avr51/crtusb1287.o
 *(.init9)
 *(.text)
 .text          0x000000d6        0x2 c:/program files (x86)/atmel/atmel toolchain/avr8 gcc/native/3.4.1061/avr8-gnu-toolchain/bin/../lib/gcc/avr/4.8.1/../../../../avr/lib/avr51/crtusb1287.o
                0x000000d6                __vector_22
                0x000000d6                __vector_28
                0x000000d6                __vector_1
                0x000000d6                __vector_32
                0x000000d6                __vector_34
                0x000000d6                __vector_24
                0x000000d6                __vector_12
                0x000000d6                __bad_interrupt
                0x000000d6                __vector_6
                0x000000d6                __vector_31
                0x000000d6                __vector_35
                0x000000d6                __vector_3
                0x000000d6                __vector_23
                0x000000d6                __vector_30
                0x000000d6                __vector_25
                0x000000d6                __vector_11
                0x000000d6                __vector_13
                0x000000d6                __vector_17
                0x000000d6                __vector_19
                0x000000d6                __vector_7
                0x000000d6                __vector_27
                0x000000d6                __vector_5
                0x000000d6                __vector_33
                0x000000d6                __vector_37
                0x000000d6                __vector_4
                0x000000d6                __vector_9
                0x000000d6                __vector_2
                0x000000d6                __vector_21
                0x000000d6                __vector_15
                0x000000d6                __vector_36
                0x000000d6                __vector_29
                0x000000d6                __vector_8
                0x000000d6                __vector_26
                0x000000d6                __vector_14
                0x000000d6                __vector_10
                0x000000d6                __vector_16
                0x000000d6                __vector_18
                0x000000d6                __vector_20
 .text          0x000000d8       0xc2 qm_asm_tiny_mega.o
                0x000000d8                _00110000001_
                0x0000012e                _00110000100_
                0x00000170                _00110000010_
                0x0000017e                _00110000020_
                0x0000018c                _00110000011_
                0x00000190                _00110000110_
 .text          0x0000019a      0x11a ..\libavr51g2_16qm_8x_2y_krs_2rs.a(burst_qm_1.o)
                0x0000019a                burst_qm_1
 .text          0x000002b4      0x11a ..\libavr51g2_16qm_8x_2y_krs_2rs.a(burst_qm_2.o)
                0x000002b4                burst_qm_2
 .text          0x000003ce      0x29c ..\libavr51g2_16qm_8x_2y_krs_2rs.a(touch_api.o)
                0x000003ce                qt_get_library_sig
                0x000003ea                qt_enable_key
                0x0000043a                qt_get_sensor_delta
                0x000004fe                qt_measure_sensors
                0x000005f6                qt_reset_sensing
                0x00000630                qt_calibrate_sensing
                0x00000648                qt_init_sensing_with_burst
 .text          0x0000066a      0x622 ..\libavr51g2_16qm_8x_2y_krs_2rs.a(touch_process.o)
                0x000006bc                start_cal_sensor
                0x000006e0                get_channel_delta
                0x0000070a                process_sensor
 .text          0x00000c8c      0x1d2 ..\libavr51g2_16qm_8x_2y_krs_2rs.a(touch_burst_qm.o)
                0x00000c8c                burst_reset
                0x00000d62                burst
                0x00000e22                burst_init
 .text          0x00000e5e      0x5ac ..\libavr51g2_16qm_8x_2y_krs_2rs.a(touch_rs_qm.o)
                0x00000ee2                qt_enable_slider
                0x00000f1a                qt_enable_rotor
                0x000011e0                rotor_slider_enter_detect
                0x0000122a                calc_rotor_slider_value
                0x000013ae                calc_rotor_slider_sensor_delta
                0x0000140a                . = ALIGN (0x2)
 *(.text.*)
 .text.oled_init
                0x0000140a      0x190 oled.o
                0x0000140a                oled_init
 .text.oled_home
                0x0000159a       0x46 oled.o
                0x0000159a                oled_home
 .text.oled_line
                0x000015e0       0x44 oled.o
                0x000015e0                oled_line
 .text.oled_clear_line
                0x00001624       0x14 oled.o
                0x00001624                oled_clear_line
 .text.oled_print_char
                0x00001638       0x34 oled.o
                0x00001638                oled_print_char
 .text.oled_print
                0x0000166c       0x36 oled.o
                0x0000166c                oled_print
 .text.touch_init
                0x000016a2       0xf0 touch.o
                0x000016a2                touch_init
 .text.touch_measure
                0x00001792       0x6c touch.o
                0x00001792                touch_measure
 .text.main     0x000017fe       0xbe touchdrivertest.o
                0x000017fe                main
 .text.libgcc.mul
                0x000018bc       0x1e c:/program files (x86)/atmel/atmel toolchain/avr8 gcc/native/3.4.1061/avr8-gnu-toolchain/bin/../lib/gcc/avr/4.8.1/avr51\libgcc.a(_mulsi3.o)
                0x000018bc                __mulsi3
 .text.libgcc.mul
                0x000018da       0x14 c:/program files (x86)/atmel/atmel toolchain/avr8 gcc/native/3.4.1061/avr8-gnu-toolchain/bin/../lib/gcc/avr/4.8.1/avr51\libgcc.a(_muluhisi3.o)
                0x000018da                __muluhisi3
 .text.libgcc.prologue
                0x000018ee       0x38 c:/program files (x86)/atmel/atmel toolchain/avr8 gcc/native/3.4.1061/avr8-gnu-toolchain/bin/../lib/gcc/avr/4.8.1/avr51\libgcc.a(_prologue.o)
                0x000018ee                __prologue_saves__
 .text.libgcc.prologue
                0x00001926       0x36 c:/program files (x86)/atmel/atmel toolchain/avr8 gcc/native/3.4.1061/avr8-gnu-toolchain/bin/../lib/gcc/avr/4.8.1/avr51\libgcc.a(_epilogue.o)
                0x00001926                __epilogue_restores__
 .text.libgcc.mul
                0x0000195c       0x1e c:/program files (x86)/atmel/atmel toolchain/avr8 gcc/native/3.4.1061/avr8-gnu-toolchain/bin/../lib/gcc/avr/4.8.1/avr51\libgcc.a(_umulhisi3.o)
                0x0000195c                __umulhisi3
 .text.avr-libc
                0x0000197a       0x14 c:/program files (x86)/atmel/atmel toolchain/avr8 gcc/native/3.4.1061/avr8-gnu-toolchain/bin/../lib/gcc/avr/4.8.1/../../../../avr/lib/avr51\libc.a(itoa_ncheck.o)
                0x0000197a                __itoa_ncheck
 .text.avr-libc
                0x0000198e       0x32 c:/program files (x86)/atmel/atmel toolchain/avr8 gcc/native/3.4.1061/avr8-gnu-toolchain/bin/../lib/gcc/avr/4.8.1/../../../../avr/lib/avr51\libc.a(utoa_ncheck.o)
                0x0000198e                __utoa_ncheck
                0x00001990                __utoa_common
 .text.avr-libc
                0x000019c0       0x20 c:/program files (x86)/atmel/atmel toolchain/avr8 gcc/native/3.4.1061/avr8-gnu-toolchain/bin/../lib/gcc/avr/4.8.1/../../../../avr/lib/avr51\libc.a(strrev.o)
                0x000019c0                strrev
                0x000019e0                . = ALIGN (0x2)
 *(.fini9)
 .fini9         0x000019e0        0x0 c:/program files (x86)/atmel/atmel toolchain/avr8 gcc/native/3.4.1061/avr8-gnu-toolchain/bin/../lib/gcc/avr/4.8.1/avr51\libgcc.a(_exit.o)
                0x000019e0                _exit
                0x000019e0                exit
 *(.fini9)
 *(.fini8)
 *(.fini8)
 *(.fini7)
 *(.fini7)
 *(.fini6)
 *(.fini6)
 *(.fini5)
 *(.fini5)
 *(.fini4)
 *(.fini4)
 *(.fini3)
 *(.fini3)
 *(.fini2)
 *(.fini2)
 *(.fini1)
 *(.fini1)
 *(.fini0)
 .fini0         0x000019e0        0x4 c:/program files (x86)/atmel/atmel toolchain/avr8 gcc/native/3.4.1061/avr8-gnu-toolchain/bin/../lib/gcc/avr/4.8.1/avr51\libgcc.a(_exit.o)
 *(.fini0)
                0x000019e4                _etext = .

.data           0x00800100      0x328 load address 0x000019e4
                0x00800100                PROVIDE (__data_start, .)
 *(.data)
 .data          0x00800100        0x1 ..\libavr51g2_16qm_8x_2y_krs_2rs.a(touch_api.o)
                0x00800100                freq_shift
 .data          0x00800101       0x10 ..\libavr51g2_16qm_8x_2y_krs_2rs.a(touch_burst_qm.o)
                0x00800101                qt_burst_lengths
 *(.data*)
 .data.OLED_DATA
                0x00800111        0x2 oled.o
                0x00800111                OLED_DATA
 .data.OLED_CMD
                0x00800113        0x2 oled.o
                0x00800113                OLED_CMD
 .data.ascii    0x00800115      0x100 oled.o
                0x00800115                ascii
 .data.char_learr
                0x00800215        0x5 oled.o
                0x00800215                char_learr
 .data.char_riarr
                0x0080021a        0x5 oled.o
                0x0080021a                char_riarr
 .data.char_rcbra
                0x0080021f        0x5 oled.o
                0x0080021f                char_rcbra
 .data.char_line
                0x00800224        0x5 oled.o
                0x00800224                char_line
 .data.char_lcbra
                0x00800229        0x5 oled.o
                0x00800229                char_lcbra
 .data.char_ssl
                0x0080022e        0x5 oled.o
                0x0080022e                char_ssl
 .data.char_unli
                0x00800233        0x5 oled.o
                0x00800233                char_unli
 .data.char_uarr
                0x00800238        0x5 oled.o
                0x00800238                char_uarr
 .data.char_rsbra
                0x0080023d        0x5 oled.o
                0x0080023d                char_rsbra
 .data.char_yen
                0x00800242        0x5 oled.o
                0x00800242                char_yen
 .data.char_lsbra
                0x00800247        0x5 oled.o
                0x00800247                char_lsbra
 .data.char_alpha
                0x0080024c        0x5 oled.o
                0x0080024c                char_alpha
 .data.char_quest
                0x00800251        0x5 oled.o
                0x00800251                char_quest
 .data.char_rarr
                0x00800256        0x5 oled.o
                0x00800256                char_rarr
 .data.char_equal
                0x0080025b        0x5 oled.o
                0x0080025b                char_equal
 .data.char_larr
                0x00800260        0x5 oled.o
                0x00800260                char_larr
 .data.char_scolon
                0x00800265        0x5 oled.o
                0x00800265                char_scolon
 .data.char_colon
                0x0080026a        0x5 oled.o
                0x0080026a                char_colon
 .data.char_slash
                0x0080026f        0x5 oled.o
                0x0080026f                char_slash
 .data.char_dot
                0x00800274        0x5 oled.o
                0x00800274                char_dot
 .data.char_minus
                0x00800279        0x5 oled.o
                0x00800279                char_minus
 .data.char_comma
                0x0080027e        0x5 oled.o
                0x0080027e                char_comma
 .data.char_plus
                0x00800283        0x5 oled.o
                0x00800283                char_plus
 .data.char_star
                0x00800288        0x5 oled.o
                0x00800288                char_star
 .data.char_rpar
                0x0080028d        0x5 oled.o
                0x0080028d                char_rpar
 .data.char_lpar
                0x00800292        0x5 oled.o
                0x00800292                char_lpar
 .data.char_ma  0x00800297        0x5 oled.o
                0x00800297                char_ma
 .data.char_and
                0x0080029c        0x5 oled.o
                0x0080029c                char_and
 .data.char_perc
                0x008002a1        0x5 oled.o
                0x008002a1                char_perc
 .data.char_dollar
                0x008002a6        0x5 oled.o
                0x008002a6                char_dollar
 .data.char_square
                0x008002ab        0x5 oled.o
                0x008002ab                char_square
 .data.char_ap  0x008002b0        0x5 oled.o
                0x008002b0                char_ap
 .data.char_excl
                0x008002b5        0x5 oled.o
                0x008002b5                char_excl
 .data.char_z_lc
                0x008002ba        0x5 oled.o
                0x008002ba                char_z_lc
 .data.char_y_lc
                0x008002bf        0x5 oled.o
                0x008002bf                char_y_lc
 .data.char_x_lc
                0x008002c4        0x5 oled.o
                0x008002c4                char_x_lc
 .data.char_w_lc
                0x008002c9        0x5 oled.o
                0x008002c9                char_w_lc
 .data.char_v_lc
                0x008002ce        0x5 oled.o
                0x008002ce                char_v_lc
 .data.char_u_lc
                0x008002d3        0x5 oled.o
                0x008002d3                char_u_lc
 .data.char_t_lc
                0x008002d8        0x5 oled.o
                0x008002d8                char_t_lc
 .data.char_s_lc
                0x008002dd        0x5 oled.o
                0x008002dd                char_s_lc
 .data.char_r_lc
                0x008002e2        0x5 oled.o
                0x008002e2                char_r_lc
 .data.char_q_lc
                0x008002e7        0x5 oled.o
                0x008002e7                char_q_lc
 .data.char_p_lc
                0x008002ec        0x5 oled.o
                0x008002ec                char_p_lc
 .data.char_o_lc
                0x008002f1        0x5 oled.o
                0x008002f1                char_o_lc
 .data.char_n_lc
                0x008002f6        0x5 oled.o
                0x008002f6                char_n_lc
 .data.char_m_lc
                0x008002fb        0x5 oled.o
                0x008002fb                char_m_lc
 .data.char_l_lc
                0x00800300        0x5 oled.o
                0x00800300                char_l_lc
 .data.char_k_lc
                0x00800305        0x5 oled.o
                0x00800305                char_k_lc
 .data.char_j_lc
                0x0080030a        0x5 oled.o
                0x0080030a                char_j_lc
 .data.char_i_lc
                0x0080030f        0x5 oled.o
                0x0080030f                char_i_lc
 .data.char_h_lc
                0x00800314        0x5 oled.o
                0x00800314                char_h_lc
 .data.char_g_lc
                0x00800319        0x5 oled.o
                0x00800319                char_g_lc
 .data.char_f_lc
                0x0080031e        0x5 oled.o
                0x0080031e                char_f_lc
 .data.char_e_lc
                0x00800323        0x5 oled.o
                0x00800323                char_e_lc
 .data.char_d_lc
                0x00800328        0x5 oled.o
                0x00800328                char_d_lc
 .data.char_c_lc
                0x0080032d        0x5 oled.o
                0x0080032d                char_c_lc
 .data.char_b_lc
                0x00800332        0x5 oled.o
                0x00800332                char_b_lc
 .data.char_a_lc
                0x00800337        0x5 oled.o
                0x00800337                char_a_lc
 .data.char_z_uc
                0x0080033c        0x5 oled.o
                0x0080033c                char_z_uc
 .data.char_y_uc
                0x00800341        0x5 oled.o
                0x00800341                char_y_uc
 .data.char_x_uc
                0x00800346        0x5 oled.o
                0x00800346                char_x_uc
 .data.char_w_uc
                0x0080034b        0x5 oled.o
                0x0080034b                char_w_uc
 .data.char_v_uc
                0x00800350        0x5 oled.o
                0x00800350                char_v_uc
 .data.char_u_uc
                0x00800355        0x5 oled.o
                0x00800355                char_u_uc
 .data.char_t_uc
                0x0080035a        0x5 oled.o
                0x0080035a                char_t_uc
 .data.char_s_uc
                0x0080035f        0x5 oled.o
                0x0080035f                char_s_uc
 .data.char_r_uc
                0x00800364        0x5 oled.o
                0x00800364                char_r_uc
 .data.char_q_uc
                0x00800369        0x5 oled.o
                0x00800369                char_q_uc
 .data.char_p_uc
                0x0080036e        0x5 oled.o
                0x0080036e                char_p_uc
 .data.char_o_uc
                0x00800373        0x5 oled.o
                0x00800373                char_o_uc
 .data.char_n_uc
                0x00800378        0x5 oled.o
                0x00800378                char_n_uc
 .data.char_m_uc
                0x0080037d        0x5 oled.o
                0x0080037d                char_m_uc
 .data.char_l_uc
                0x00800382        0x5 oled.o
                0x00800382                char_l_uc
 .data.char_k_uc
                0x00800387        0x5 oled.o
                0x00800387                char_k_uc
 .data.char_j_uc
                0x0080038c        0x5 oled.o
                0x0080038c                char_j_uc
 .data.char_i_uc
                0x00800391        0x5 oled.o
                0x00800391                char_i_uc
 .data.char_h_uc
                0x00800396        0x5 oled.o
                0x00800396                char_h_uc
 .data.char_g_uc
                0x0080039b        0x5 oled.o
                0x0080039b                char_g_uc
 .data.char_f_uc
                0x008003a0        0x5 oled.o
                0x008003a0                char_f_uc
 .data.char_e_uc
                0x008003a5        0x5 oled.o
                0x008003a5                char_e_uc
 .data.char_d_uc
                0x008003aa        0x5 oled.o
                0x008003aa                char_d_uc
 .data.char_c_uc
                0x008003af        0x5 oled.o
                0x008003af                char_c_uc
 .data.char_b_uc
                0x008003b4        0x5 oled.o
                0x008003b4                char_b_uc
 .data.char_a_uc
                0x008003b9        0x5 oled.o
                0x008003b9                char_a_uc
 .data.char_nine
                0x008003be        0x5 oled.o
                0x008003be                char_nine
 .data.char_eight
                0x008003c3        0x5 oled.o
                0x008003c3                char_eight
 .data.char_seven
                0x008003c8        0x5 oled.o
                0x008003c8                char_seven
 .data.char_six
                0x008003cd        0x5 oled.o
                0x008003cd                char_six
 .data.char_five
                0x008003d2        0x5 oled.o
                0x008003d2                char_five
 .data.char_four
                0x008003d7        0x5 oled.o
                0x008003d7                char_four
 .data.char_three
                0x008003dc        0x5 oled.o
                0x008003dc                char_three
 .data.char_two
                0x008003e1        0x5 oled.o
                0x008003e1                char_two
 .data.char_one
                0x008003e6        0x5 oled.o
                0x008003e6                char_one
 .data.char_zero
                0x008003eb        0x5 oled.o
                0x008003eb                char_zero
 .data.y_line_info
                0x008003f0        0x4 touch.o
                0x008003f0                y_line_info
 .data.x_line_info
                0x008003f4       0x20 touch.o
                0x008003f4                x_line_info
 *(.rodata)
 *(.rodata*)
 .rodata.str1.1
                0x00800414       0x13 touchdrivertest.o
 *(.gnu.linkonce.d*)
                0x00800428                . = ALIGN (0x2)
 *fill*         0x00800427        0x1 
                0x00800428                _edata = .
                0x00800428                PROVIDE (__data_end, .)

.bss            0x00800428      0x11a
                0x00800428                PROVIDE (__bss_start, .)
 *(.bss)
 .bss           0x00800428        0x6 ..\libavr51g2_16qm_8x_2y_krs_2rs.a(touch_api.o)
                0x00800428                burst_proc_qm
 .bss           0x0080042e       0x10 ..\libavr51g2_16qm_8x_2y_krs_2rs.a(touch_process.o)
 .bss           0x0080043e       0x20 ..\libavr51g2_16qm_8x_2y_krs_2rs.a(touch_rs_qm.o)
 *(.bss*)
 .bss.char_space
                0x0080045e        0x5 oled.o
                0x0080045e                char_space
 .bss.time_ms   0x00800463        0x2 touch.o
                0x00800463                time_ms
 *(COMMON)
 COMMON         0x00800465       0x4f ..\libavr51g2_16qm_8x_2y_krs_2rs.a(touch_api.o)
                0x00800465                qt_config_data
                0x0080046c                qt_filter_callback
                0x0080046e                qt_measure_data
                0x008004b2                lib_status_flags
 COMMON         0x008004b4       0x82 ..\libavr51g2_16qm_8x_2y_krs_2rs.a(touch_process.o)
                0x008004b4                dht_counter
                0x008004b5                num_sensors
                0x008004b6                sensors
 COMMON         0x00800536        0xb ..\libavr51g2_16qm_8x_2y_krs_2rs.a(touch_burst_qm.o)
                0x00800536                reg_clya
                0x00800537                old_isr_state
                0x00800538                reg_flyab
                0x00800539                reg_clyb
                0x0080053a                reg_flyb
                0x0080053b                burst_mask
                0x00800540                reg_flya
 COMMON         0x00800541        0x1 ..\libavr51g2_16qm_8x_2y_krs_2rs.a(touch_rs_qm.o)
                0x00800541                num_rotors_sliders
                0x00800542                PROVIDE (__bss_end, .)
                0x000019e4                __data_load_start = LOADADDR (.data)
                0x00001d0c                __data_load_end = (__data_load_start + SIZEOF (.data))

.noinit         0x00800542        0x0
                0x00800542                PROVIDE (__noinit_start, .)
 *(.noinit*)
                0x00800542                PROVIDE (__noinit_end, .)
                0x00800542                _end = .
                0x00800542                PROVIDE (__heap_start, .)

.eeprom         0x00810000        0x0
 *(.eeprom*)
                0x00810000                __eeprom_end = .

.fuse
 *(.fuse)
 *(.lfuse)
 *(.hfuse)
 *(.efuse)

.lock
 *(.lock*)

.signature
 *(.signature*)

.user_signatures
 *(.user_signatures*)

.stab
 *(.stab)

.stabstr
 *(.stabstr)

.stab.excl
 *(.stab.excl)

.stab.exclstr
 *(.stab.exclstr)

.stab.index
 *(.stab.index)

.stab.indexstr
 *(.stab.indexstr)

.comment        0x00000000       0x30
 *(.comment)
 .comment       0x00000000       0x30 oled.o
                                 0x31 (size before relaxing)
 .comment       0x00000000       0x31 touch.o
 .comment       0x00000000       0x31 touchdrivertest.o

.note.gnu.build-id
 *(.note.gnu.build-id)

.debug
 *(.debug)

.line
 *(.line)

.debug_srcinfo
 *(.debug_srcinfo)

.debug_sfnames
 *(.debug_sfnames)

.debug_aranges  0x00000000       0xc0
 *(.debug_aranges)
 .debug_aranges
                0x00000000       0x58 oled.o
 .debug_aranges
                0x00000058       0x20 qm_asm_tiny_mega.o
 .debug_aranges
                0x00000078       0x28 touch.o
 .debug_aranges
                0x000000a0       0x20 touchdrivertest.o

.debug_pubnames
 *(.debug_pubnames)

.debug_info     0x00000000     0x16d5
 *(.debug_info .gnu.linkonce.wi.*)
 .debug_info    0x00000000      0xa65 oled.o
 .debug_info    0x00000a65       0x93 qm_asm_tiny_mega.o
 .debug_info    0x00000af8      0x6a5 touch.o
 .debug_info    0x0000119d      0x538 touchdrivertest.o

.debug_abbrev   0x00000000      0x524
 *(.debug_abbrev)
 .debug_abbrev  0x00000000      0x199 oled.o
 .debug_abbrev  0x00000199       0x14 qm_asm_tiny_mega.o
 .debug_abbrev  0x000001ad      0x19c touch.o
 .debug_abbrev  0x00000349      0x1db touchdrivertest.o

.debug_line     0x00000000      0xa23
 *(.debug_line .debug_line.* .debug_line_end)
 .debug_line    0x00000000      0x38c oled.o
 .debug_line    0x0000038c      0x24a qm_asm_tiny_mega.o
 .debug_line    0x000005d6      0x1f1 touch.o
 .debug_line    0x000007c7      0x25c touchdrivertest.o

.debug_frame    0x00000000      0x154
 *(.debug_frame)
 .debug_frame   0x00000000       0xa4 oled.o
 .debug_frame   0x000000a4       0x7c touch.o
 .debug_frame   0x00000120       0x34 touchdrivertest.o

.debug_str      0x00000000      0xb77
 *(.debug_str)
 .debug_str     0x00000000      0x5f4 oled.o
                                0x637 (size before relaxing)
 .debug_str     0x000005f4      0x53d touch.o
                                0x75b (size before relaxing)
 .debug_str     0x00000b31       0x46 touchdrivertest.o
                                0x28a (size before relaxing)

.debug_loc      0x00000000      0x479
 *(.debug_loc)
 .debug_loc     0x00000000      0x160 oled.o
 .debug_loc     0x00000160      0x26a touch.o
 .debug_loc     0x000003ca       0xaf touchdrivertest.o

.debug_macinfo
 *(.debug_macinfo)

.debug_weaknames
 *(.debug_weaknames)

.debug_funcnames
 *(.debug_funcnames)

.debug_typenames
 *(.debug_typenames)

.debug_varnames
 *(.debug_varnames)

.debug_pubtypes
 *(.debug_pubtypes)

.debug_ranges   0x00000000       0x70
 *(.debug_ranges)
 .debug_ranges  0x00000000       0x48 oled.o
 .debug_ranges  0x00000048       0x18 touch.o
 .debug_ranges  0x00000060       0x10 touchdrivertest.o

.debug_macro
 *(.debug_macro)
OUTPUT(touchdrivertest.elf elf32-avr)
LOAD linker stubs
