Archive member included because of file (symbol)

C:\Users\TEMP\byggern\Node3USB\Node3USB\TouchDrivers\libavr51g2_16qm_8x_2y_krs_2rs.a(burst_qm_1.o)
                              TouchDrivers/touch.o (burst_qm_1)
C:\Users\TEMP\byggern\Node3USB\Node3USB\TouchDrivers\libavr51g2_16qm_8x_2y_krs_2rs.a(burst_qm_2.o)
                              TouchDrivers/touch.o (burst_qm_2)
C:\Users\TEMP\byggern\Node3USB\Node3USB\TouchDrivers\libavr51g2_16qm_8x_2y_krs_2rs.a(touch_api.o)
                              TouchDrivers/touch.o (qt_enable_key)
C:\Users\TEMP\byggern\Node3USB\Node3USB\TouchDrivers\libavr51g2_16qm_8x_2y_krs_2rs.a(touch_process.o)
                              C:\Users\TEMP\byggern\Node3USB\Node3USB\TouchDrivers\libavr51g2_16qm_8x_2y_krs_2rs.a(touch_api.o) (sensors)
C:\Users\TEMP\byggern\Node3USB\Node3USB\TouchDrivers\libavr51g2_16qm_8x_2y_krs_2rs.a(touch_burst_qm.o)
                              C:\Users\TEMP\byggern\Node3USB\Node3USB\TouchDrivers\libavr51g2_16qm_8x_2y_krs_2rs.a(touch_api.o) (burst_reset)
C:\Users\TEMP\byggern\Node3USB\Node3USB\TouchDrivers\libavr51g2_16qm_8x_2y_krs_2rs.a(touch_rs_qm.o)
                              C:\Users\TEMP\byggern\Node3USB\Node3USB\TouchDrivers\libavr51g2_16qm_8x_2y_krs_2rs.a(touch_api.o) (num_rotors_sliders)
c:/program files (x86)/atmel/atmel toolchain/avr8 gcc/native/3.4.1061/avr8-gnu-toolchain/bin/../lib/gcc/avr/4.8.1/avr51\libgcc.a(_mulsi3.o)
                              C:\Users\TEMP\byggern\Node3USB\Node3USB\TouchDrivers\libavr51g2_16qm_8x_2y_krs_2rs.a(touch_rs_qm.o) (__mulsi3)
c:/program files (x86)/atmel/atmel toolchain/avr8 gcc/native/3.4.1061/avr8-gnu-toolchain/bin/../lib/gcc/avr/4.8.1/avr51\libgcc.a(_exit.o)
                              c:/program files (x86)/atmel/atmel toolchain/avr8 gcc/native/3.4.1061/avr8-gnu-toolchain/bin/../lib/gcc/avr/4.8.1/../../../../avr/lib/avr51/crtusb1287.o (exit)
c:/program files (x86)/atmel/atmel toolchain/avr8 gcc/native/3.4.1061/avr8-gnu-toolchain/bin/../lib/gcc/avr/4.8.1/avr51\libgcc.a(_copy_data.o)
                              TouchDrivers/oled.o (__do_copy_data)
c:/program files (x86)/atmel/atmel toolchain/avr8 gcc/native/3.4.1061/avr8-gnu-toolchain/bin/../lib/gcc/avr/4.8.1/avr51\libgcc.a(_clear_bss.o)
                              TouchDrivers/oled.o (__do_clear_bss)
c:/program files (x86)/atmel/atmel toolchain/avr8 gcc/native/3.4.1061/avr8-gnu-toolchain/bin/../lib/gcc/avr/4.8.1/avr51\libgcc.a(_muluhisi3.o)
                              c:/program files (x86)/atmel/atmel toolchain/avr8 gcc/native/3.4.1061/avr8-gnu-toolchain/bin/../lib/gcc/avr/4.8.1/avr51\libgcc.a(_mulsi3.o) (__muluhisi3)
c:/program files (x86)/atmel/atmel toolchain/avr8 gcc/native/3.4.1061/avr8-gnu-toolchain/bin/../lib/gcc/avr/4.8.1/avr51\libgcc.a(_prologue.o)
                              C:\Users\TEMP\byggern\Node3USB\Node3USB\TouchDrivers\libavr51g2_16qm_8x_2y_krs_2rs.a(burst_qm_1.o) (__prologue_saves__)
c:/program files (x86)/atmel/atmel toolchain/avr8 gcc/native/3.4.1061/avr8-gnu-toolchain/bin/../lib/gcc/avr/4.8.1/avr51\libgcc.a(_epilogue.o)
                              C:\Users\TEMP\byggern\Node3USB\Node3USB\TouchDrivers\libavr51g2_16qm_8x_2y_krs_2rs.a(burst_qm_1.o) (__epilogue_restores__)
c:/program files (x86)/atmel/atmel toolchain/avr8 gcc/native/3.4.1061/avr8-gnu-toolchain/bin/../lib/gcc/avr/4.8.1/avr51\libgcc.a(_umulhisi3.o)
                              c:/program files (x86)/atmel/atmel toolchain/avr8 gcc/native/3.4.1061/avr8-gnu-toolchain/bin/../lib/gcc/avr/4.8.1/avr51\libgcc.a(_muluhisi3.o) (__umulhisi3)
c:/program files (x86)/atmel/atmel toolchain/avr8 gcc/native/3.4.1061/avr8-gnu-toolchain/bin/../lib/gcc/avr/4.8.1/../../../../avr/lib/avr51\libc.a(itoa_ncheck.o)
                              TouchDrivers/touchdrivertest.o (__itoa_ncheck)
c:/program files (x86)/atmel/atmel toolchain/avr8 gcc/native/3.4.1061/avr8-gnu-toolchain/bin/../lib/gcc/avr/4.8.1/../../../../avr/lib/avr51\libc.a(utoa_ncheck.o)
                              c:/program files (x86)/atmel/atmel toolchain/avr8 gcc/native/3.4.1061/avr8-gnu-toolchain/bin/../lib/gcc/avr/4.8.1/../../../../avr/lib/avr51\libc.a(itoa_ncheck.o) (__utoa_common)
c:/program files (x86)/atmel/atmel toolchain/avr8 gcc/native/3.4.1061/avr8-gnu-toolchain/bin/../lib/gcc/avr/4.8.1/../../../../avr/lib/avr51\libc.a(strrev.o)
                              c:/program files (x86)/atmel/atmel toolchain/avr8 gcc/native/3.4.1061/avr8-gnu-toolchain/bin/../lib/gcc/avr/4.8.1/../../../../avr/lib/avr51\libc.a(utoa_ncheck.o) (strrev)

Allocating common symbols
Common symbol       size              file

qt_config_data      0x7               C:\Users\TEMP\byggern\Node3USB\Node3USB\TouchDrivers\libavr51g2_16qm_8x_2y_krs_2rs.a(touch_api.o)
qt_filter_callback  0x2               C:\Users\TEMP\byggern\Node3USB\Node3USB\TouchDrivers\libavr51g2_16qm_8x_2y_krs_2rs.a(touch_api.o)
num_rotors_sliders  0x1               C:\Users\TEMP\byggern\Node3USB\Node3USB\TouchDrivers\libavr51g2_16qm_8x_2y_krs_2rs.a(touch_rs_qm.o)
reg_clya            0x1               C:\Users\TEMP\byggern\Node3USB\Node3USB\TouchDrivers\libavr51g2_16qm_8x_2y_krs_2rs.a(touch_burst_qm.o)
old_isr_state       0x1               C:\Users\TEMP\byggern\Node3USB\Node3USB\TouchDrivers\libavr51g2_16qm_8x_2y_krs_2rs.a(touch_burst_qm.o)
reg_flyab           0x1               C:\Users\TEMP\byggern\Node3USB\Node3USB\TouchDrivers\libavr51g2_16qm_8x_2y_krs_2rs.a(touch_burst_qm.o)
reg_clyb            0x1               C:\Users\TEMP\byggern\Node3USB\Node3USB\TouchDrivers\libavr51g2_16qm_8x_2y_krs_2rs.a(touch_burst_qm.o)
qt_measure_data     0x44              C:\Users\TEMP\byggern\Node3USB\Node3USB\TouchDrivers\libavr51g2_16qm_8x_2y_krs_2rs.a(touch_api.o)
dht_counter         0x1               C:\Users\TEMP\byggern\Node3USB\Node3USB\TouchDrivers\libavr51g2_16qm_8x_2y_krs_2rs.a(touch_process.o)
reg_flyb            0x1               C:\Users\TEMP\byggern\Node3USB\Node3USB\TouchDrivers\libavr51g2_16qm_8x_2y_krs_2rs.a(touch_burst_qm.o)
lib_status_flags    0x2               C:\Users\TEMP\byggern\Node3USB\Node3USB\TouchDrivers\libavr51g2_16qm_8x_2y_krs_2rs.a(touch_api.o)
num_sensors         0x1               C:\Users\TEMP\byggern\Node3USB\Node3USB\TouchDrivers\libavr51g2_16qm_8x_2y_krs_2rs.a(touch_process.o)
burst_mask          0x5               C:\Users\TEMP\byggern\Node3USB\Node3USB\TouchDrivers\libavr51g2_16qm_8x_2y_krs_2rs.a(touch_burst_qm.o)
reg_flya            0x1               C:\Users\TEMP\byggern\Node3USB\Node3USB\TouchDrivers\libavr51g2_16qm_8x_2y_krs_2rs.a(touch_burst_qm.o)
sensors             0x80              C:\Users\TEMP\byggern\Node3USB\Node3USB\TouchDrivers\libavr51g2_16qm_8x_2y_krs_2rs.a(touch_process.o)

Discarded input sections

 .data          0x00000000        0x0 c:/program files (x86)/atmel/atmel toolchain/avr8 gcc/native/3.4.1061/avr8-gnu-toolchain/bin/../lib/gcc/avr/4.8.1/../../../../avr/lib/avr51/crtusb1287.o
 .bss           0x00000000        0x0 c:/program files (x86)/atmel/atmel toolchain/avr8 gcc/native/3.4.1061/avr8-gnu-toolchain/bin/../lib/gcc/avr/4.8.1/../../../../avr/lib/avr51/crtusb1287.o
 .group         0x00000000        0x8 Communication_drivers/USB.o
 .group         0x00000000        0x8 Communication_drivers/USB.o
 .group         0x00000000        0x8 Communication_drivers/USB.o
 .group         0x00000000        0x8 Communication_drivers/USB.o
 .group         0x00000000        0x8 Communication_drivers/USB.o
 .group         0x00000000        0x8 Communication_drivers/USB.o
 .group         0x00000000        0x8 Communication_drivers/USB.o
 .group         0x00000000        0x8 Communication_drivers/USB.o
 .group         0x00000000        0x8 Communication_drivers/USB.o
 .group         0x00000000        0x8 Communication_drivers/USB.o
 .group         0x00000000        0x8 Communication_drivers/USB.o
 .group         0x00000000        0x8 Communication_drivers/USB.o
 .group         0x00000000        0x8 Communication_drivers/USB.o
 .group         0x00000000        0x8 Communication_drivers/USB.o
 .group         0x00000000        0x8 Communication_drivers/USB.o
 .group         0x00000000        0x8 Communication_drivers/USB.o
 .group         0x00000000        0x8 Communication_drivers/USB.o
 .group         0x00000000        0x8 Communication_drivers/USB.o
 .group         0x00000000        0x8 Communication_drivers/USB.o
 .group         0x00000000        0x8 Communication_drivers/USB.o
 .group         0x00000000        0x8 Communication_drivers/USB.o
 .group         0x00000000        0x8 Communication_drivers/USB.o
 .group         0x00000000        0x8 Communication_drivers/USB.o
 .group         0x00000000        0x8 Communication_drivers/USB.o
 .group         0x00000000        0x8 Communication_drivers/USB.o
 .text          0x00000000        0x0 Communication_drivers/USB.o
 .data          0x00000000        0x0 Communication_drivers/USB.o
 .bss           0x00000000        0x0 Communication_drivers/USB.o
 .text.USB_read
                0x00000000        0x2 Communication_drivers/USB.o
 .group         0x00000000        0x8 Node3.o
 .group         0x00000000        0x8 Node3.o
 .group         0x00000000        0x8 Node3.o
 .group         0x00000000        0x8 Node3.o
 .group         0x00000000        0x8 Node3.o
 .group         0x00000000        0x8 Node3.o
 .group         0x00000000        0x8 Node3.o
 .group         0x00000000        0x8 Node3.o
 .group         0x00000000        0x8 Node3.o
 .group         0x00000000        0x8 Node3.o
 .group         0x00000000        0x8 Node3.o
 .group         0x00000000        0x8 Node3.o
 .group         0x00000000        0x8 Node3.o
 .group         0x00000000        0x8 Node3.o
 .group         0x00000000        0x8 Node3.o
 .group         0x00000000        0x8 Node3.o
 .group         0x00000000        0x8 Node3.o
 .group         0x00000000        0x8 Node3.o
 .group         0x00000000        0x8 Node3.o
 .group         0x00000000        0x8 Node3.o
 .group         0x00000000        0x8 Node3.o
 .group         0x00000000        0x8 Node3.o
 .group         0x00000000        0x8 Node3.o
 .group         0x00000000        0x8 Node3.o
 .group         0x00000000        0x8 Node3.o
 .text          0x00000000        0x0 Node3.o
 .data          0x00000000        0x0 Node3.o
 .bss           0x00000000        0x0 Node3.o
 .debug_macro   0x00000000      0xab4 Node3.o
 .debug_macro   0x00000000       0x10 Node3.o
 .debug_macro   0x00000000       0x10 Node3.o
 .debug_macro   0x00000000      0x1ad Node3.o
 .debug_macro   0x00000000      0x293 Node3.o
 .debug_macro   0x00000000       0x9e Node3.o
 .debug_macro   0x00000000     0x18ff Node3.o
 .debug_macro   0x00000000       0xe2 Node3.o
 .debug_macro   0x00000000      0x1e0 Node3.o
 .debug_macro   0x00000000       0xcb Node3.o
 .debug_macro   0x00000000       0x34 Node3.o
 .debug_macro   0x00000000       0x18 Node3.o
 .debug_macro   0x00000000       0x6c Node3.o
 .debug_macro   0x00000000       0x69 Node3.o
 .debug_macro   0x00000000       0x10 Node3.o
 .debug_macro   0x00000000      0x16d Node3.o
 .debug_macro   0x00000000       0x1c Node3.o
 .debug_macro   0x00000000      0x10e Node3.o
 .debug_macro   0x00000000       0x60 Node3.o
 .debug_macro   0x00000000       0x28 Node3.o
 .debug_macro   0x00000000       0x58 Node3.o
 .debug_macro   0x00000000       0x10 Node3.o
 .debug_macro   0x00000000       0x20 Node3.o
 .debug_macro   0x00000000       0xeb Node3.o
 .debug_macro   0x00000000       0x16 Node3.o
 .group         0x00000000        0x8 TouchDrivers/oled.o
 .group         0x00000000        0x8 TouchDrivers/oled.o
 .group         0x00000000        0x8 TouchDrivers/oled.o
 .group         0x00000000        0x8 TouchDrivers/oled.o
 .group         0x00000000        0x8 TouchDrivers/oled.o
 .group         0x00000000        0x8 TouchDrivers/oled.o
 .group         0x00000000        0x8 TouchDrivers/oled.o
 .group         0x00000000        0x8 TouchDrivers/oled.o
 .group         0x00000000        0x8 TouchDrivers/oled.o
 .group         0x00000000        0x8 TouchDrivers/oled.o
 .group         0x00000000        0x8 TouchDrivers/oled.o
 .group         0x00000000        0x8 TouchDrivers/oled.o
 .group         0x00000000        0x8 TouchDrivers/oled.o
 .group         0x00000000        0x8 TouchDrivers/oled.o
 .text          0x00000000        0x0 TouchDrivers/oled.o
 .data          0x00000000        0x0 TouchDrivers/oled.o
 .bss           0x00000000        0x0 TouchDrivers/oled.o
 .text.oled_init
                0x00000000      0x190 TouchDrivers/oled.o
 .text.oled_home
                0x00000000       0x46 TouchDrivers/oled.o
 .text.oled_line
                0x00000000       0x44 TouchDrivers/oled.o
 .text.oled_clear_line
                0x00000000       0x14 TouchDrivers/oled.o
 .text.oled_pos
                0x00000000       0x42 TouchDrivers/oled.o
 .text.oled_draw_line
                0x00000000        0xe TouchDrivers/oled.o
 .text.oled_print_char
                0x00000000       0x34 TouchDrivers/oled.o
 .text.oled_print
                0x00000000       0x38 TouchDrivers/oled.o
 .data.OLED_DATA
                0x00000000        0x2 TouchDrivers/oled.o
 .data.OLED_CMD
                0x00000000        0x2 TouchDrivers/oled.o
 .data.ascii    0x00000000      0x100 TouchDrivers/oled.o
 .data.char_learr
                0x00000000        0x5 TouchDrivers/oled.o
 .data.char_riarr
                0x00000000        0x5 TouchDrivers/oled.o
 .data.char_rcbra
                0x00000000        0x5 TouchDrivers/oled.o
 .data.char_line
                0x00000000        0x5 TouchDrivers/oled.o
 .data.char_lcbra
                0x00000000        0x5 TouchDrivers/oled.o
 .data.char_ssl
                0x00000000        0x5 TouchDrivers/oled.o
 .data.char_unli
                0x00000000        0x5 TouchDrivers/oled.o
 .data.char_uarr
                0x00000000        0x5 TouchDrivers/oled.o
 .data.char_rsbra
                0x00000000        0x5 TouchDrivers/oled.o
 .data.char_yen
                0x00000000        0x5 TouchDrivers/oled.o
 .data.char_lsbra
                0x00000000        0x5 TouchDrivers/oled.o
 .data.char_alpha
                0x00000000        0x5 TouchDrivers/oled.o
 .data.char_quest
                0x00000000        0x5 TouchDrivers/oled.o
 .data.char_rarr
                0x00000000        0x5 TouchDrivers/oled.o
 .data.char_equal
                0x00000000        0x5 TouchDrivers/oled.o
 .data.char_larr
                0x00000000        0x5 TouchDrivers/oled.o
 .data.char_scolon
                0x00000000        0x5 TouchDrivers/oled.o
 .data.char_colon
                0x00000000        0x5 TouchDrivers/oled.o
 .data.char_slash
                0x00000000        0x5 TouchDrivers/oled.o
 .data.char_dot
                0x00000000        0x5 TouchDrivers/oled.o
 .data.char_minus
                0x00000000        0x5 TouchDrivers/oled.o
 .data.char_comma
                0x00000000        0x5 TouchDrivers/oled.o
 .data.char_plus
                0x00000000        0x5 TouchDrivers/oled.o
 .data.char_star
                0x00000000        0x5 TouchDrivers/oled.o
 .data.char_rpar
                0x00000000        0x5 TouchDrivers/oled.o
 .data.char_lpar
                0x00000000        0x5 TouchDrivers/oled.o
 .data.char_ma  0x00000000        0x5 TouchDrivers/oled.o
 .data.char_and
                0x00000000        0x5 TouchDrivers/oled.o
 .data.char_perc
                0x00000000        0x5 TouchDrivers/oled.o
 .data.char_dollar
                0x00000000        0x5 TouchDrivers/oled.o
 .data.char_square
                0x00000000        0x5 TouchDrivers/oled.o
 .data.char_ap  0x00000000        0x5 TouchDrivers/oled.o
 .data.char_excl
                0x00000000        0x5 TouchDrivers/oled.o
 .bss.char_space
                0x00000000        0x5 TouchDrivers/oled.o
 .data.char_z_lc
                0x00000000        0x5 TouchDrivers/oled.o
 .data.char_y_lc
                0x00000000        0x5 TouchDrivers/oled.o
 .data.char_x_lc
                0x00000000        0x5 TouchDrivers/oled.o
 .data.char_w_lc
                0x00000000        0x5 TouchDrivers/oled.o
 .data.char_v_lc
                0x00000000        0x5 TouchDrivers/oled.o
 .data.char_u_lc
                0x00000000        0x5 TouchDrivers/oled.o
 .data.char_t_lc
                0x00000000        0x5 TouchDrivers/oled.o
 .data.char_s_lc
                0x00000000        0x5 TouchDrivers/oled.o
 .data.char_r_lc
                0x00000000        0x5 TouchDrivers/oled.o
 .data.char_q_lc
                0x00000000        0x5 TouchDrivers/oled.o
 .data.char_p_lc
                0x00000000        0x5 TouchDrivers/oled.o
 .data.char_o_lc
                0x00000000        0x5 TouchDrivers/oled.o
 .data.char_n_lc
                0x00000000        0x5 TouchDrivers/oled.o
 .data.char_m_lc
                0x00000000        0x5 TouchDrivers/oled.o
 .data.char_l_lc
                0x00000000        0x5 TouchDrivers/oled.o
 .data.char_k_lc
                0x00000000        0x5 TouchDrivers/oled.o
 .data.char_j_lc
                0x00000000        0x5 TouchDrivers/oled.o
 .data.char_i_lc
                0x00000000        0x5 TouchDrivers/oled.o
 .data.char_h_lc
                0x00000000        0x5 TouchDrivers/oled.o
 .data.char_g_lc
                0x00000000        0x5 TouchDrivers/oled.o
 .data.char_f_lc
                0x00000000        0x5 TouchDrivers/oled.o
 .data.char_e_lc
                0x00000000        0x5 TouchDrivers/oled.o
 .data.char_d_lc
                0x00000000        0x5 TouchDrivers/oled.o
 .data.char_c_lc
                0x00000000        0x5 TouchDrivers/oled.o
 .data.char_b_lc
                0x00000000        0x5 TouchDrivers/oled.o
 .data.char_a_lc
                0x00000000        0x5 TouchDrivers/oled.o
 .data.char_z_uc
                0x00000000        0x5 TouchDrivers/oled.o
 .data.char_y_uc
                0x00000000        0x5 TouchDrivers/oled.o
 .data.char_x_uc
                0x00000000        0x5 TouchDrivers/oled.o
 .data.char_w_uc
                0x00000000        0x5 TouchDrivers/oled.o
 .data.char_v_uc
                0x00000000        0x5 TouchDrivers/oled.o
 .data.char_u_uc
                0x00000000        0x5 TouchDrivers/oled.o
 .data.char_t_uc
                0x00000000        0x5 TouchDrivers/oled.o
 .data.char_s_uc
                0x00000000        0x5 TouchDrivers/oled.o
 .data.char_r_uc
                0x00000000        0x5 TouchDrivers/oled.o
 .data.char_q_uc
                0x00000000        0x5 TouchDrivers/oled.o
 .data.char_p_uc
                0x00000000        0x5 TouchDrivers/oled.o
 .data.char_o_uc
                0x00000000        0x5 TouchDrivers/oled.o
 .data.char_n_uc
                0x00000000        0x5 TouchDrivers/oled.o
 .data.char_m_uc
                0x00000000        0x5 TouchDrivers/oled.o
 .data.char_l_uc
                0x00000000        0x5 TouchDrivers/oled.o
 .data.char_k_uc
                0x00000000        0x5 TouchDrivers/oled.o
 .data.char_j_uc
                0x00000000        0x5 TouchDrivers/oled.o
 .data.char_i_uc
                0x00000000        0x5 TouchDrivers/oled.o
 .data.char_h_uc
                0x00000000        0x5 TouchDrivers/oled.o
 .data.char_g_uc
                0x00000000        0x5 TouchDrivers/oled.o
 .data.char_f_uc
                0x00000000        0x5 TouchDrivers/oled.o
 .data.char_e_uc
                0x00000000        0x5 TouchDrivers/oled.o
 .data.char_d_uc
                0x00000000        0x5 TouchDrivers/oled.o
 .data.char_c_uc
                0x00000000        0x5 TouchDrivers/oled.o
 .data.char_b_uc
                0x00000000        0x5 TouchDrivers/oled.o
 .data.char_a_uc
                0x00000000        0x5 TouchDrivers/oled.o
 .data.char_nine
                0x00000000        0x5 TouchDrivers/oled.o
 .data.char_eight
                0x00000000        0x5 TouchDrivers/oled.o
 .data.char_seven
                0x00000000        0x5 TouchDrivers/oled.o
 .data.char_six
                0x00000000        0x5 TouchDrivers/oled.o
 .data.char_five
                0x00000000        0x5 TouchDrivers/oled.o
 .data.char_four
                0x00000000        0x5 TouchDrivers/oled.o
 .data.char_three
                0x00000000        0x5 TouchDrivers/oled.o
 .data.char_two
                0x00000000        0x5 TouchDrivers/oled.o
 .data.char_one
                0x00000000        0x5 TouchDrivers/oled.o
 .data.char_zero
                0x00000000        0x5 TouchDrivers/oled.o
 .debug_info    0x00000000      0xa69 TouchDrivers/oled.o
 .debug_abbrev  0x00000000      0x19c TouchDrivers/oled.o
 .debug_loc     0x00000000      0x160 TouchDrivers/oled.o
 .debug_aranges
                0x00000000       0x58 TouchDrivers/oled.o
 .debug_ranges  0x00000000       0x48 TouchDrivers/oled.o
 .debug_macro   0x00000000       0xc6 TouchDrivers/oled.o
 .debug_macro   0x00000000      0xab4 TouchDrivers/oled.o
 .debug_macro   0x00000000       0x10 TouchDrivers/oled.o
 .debug_macro   0x00000000      0x1ad TouchDrivers/oled.o
 .debug_macro   0x00000000      0x293 TouchDrivers/oled.o
 .debug_macro   0x00000000       0x9e TouchDrivers/oled.o
 .debug_macro   0x00000000     0x18ff TouchDrivers/oled.o
 .debug_macro   0x00000000       0xe2 TouchDrivers/oled.o
 .debug_macro   0x00000000      0x1e0 TouchDrivers/oled.o
 .debug_macro   0x00000000       0xcb TouchDrivers/oled.o
 .debug_macro   0x00000000       0x34 TouchDrivers/oled.o
 .debug_macro   0x00000000       0x18 TouchDrivers/oled.o
 .debug_macro   0x00000000       0x6c TouchDrivers/oled.o
 .debug_macro   0x00000000       0x10 TouchDrivers/oled.o
 .debug_macro   0x00000000      0x16d TouchDrivers/oled.o
 .debug_line    0x00000000      0x522 TouchDrivers/oled.o
 .debug_str     0x00000000     0x7ccf TouchDrivers/oled.o
 .comment       0x00000000       0x31 TouchDrivers/oled.o
 .debug_frame   0x00000000       0xa4 TouchDrivers/oled.o
 .text          0x00000000       0xc2 TouchDrivers/qm_asm_tiny_mega.o
 .data          0x00000000        0x0 TouchDrivers/qm_asm_tiny_mega.o
 .bss           0x00000000        0x0 TouchDrivers/qm_asm_tiny_mega.o
 .debug_line    0x00000000      0x255 TouchDrivers/qm_asm_tiny_mega.o
 .debug_info    0x00000000       0x77 TouchDrivers/qm_asm_tiny_mega.o
 .debug_abbrev  0x00000000       0x14 TouchDrivers/qm_asm_tiny_mega.o
 .debug_aranges
                0x00000000       0x20 TouchDrivers/qm_asm_tiny_mega.o
 .group         0x00000000        0x8 TouchDrivers/touch.o
 .group         0x00000000        0x8 TouchDrivers/touch.o
 .group         0x00000000        0x8 TouchDrivers/touch.o
 .group         0x00000000        0x8 TouchDrivers/touch.o
 .group         0x00000000        0x8 TouchDrivers/touch.o
 .group         0x00000000        0x8 TouchDrivers/touch.o
 .group         0x00000000        0x8 TouchDrivers/touch.o
 .group         0x00000000        0x8 TouchDrivers/touch.o
 .group         0x00000000        0x8 TouchDrivers/touch.o
 .group         0x00000000        0x8 TouchDrivers/touch.o
 .group         0x00000000        0x8 TouchDrivers/touch.o
 .group         0x00000000        0x8 TouchDrivers/touch.o
 .group         0x00000000        0x8 TouchDrivers/touch.o
 .group         0x00000000        0x8 TouchDrivers/touch.o
 .group         0x00000000        0x8 TouchDrivers/touch.o
 .group         0x00000000        0x8 TouchDrivers/touch.o
 .group         0x00000000        0x8 TouchDrivers/touch.o
 .group         0x00000000        0x8 TouchDrivers/touch.o
 .group         0x00000000        0x8 TouchDrivers/touch.o
 .text          0x00000000        0x0 TouchDrivers/touch.o
 .data          0x00000000        0x0 TouchDrivers/touch.o
 .bss           0x00000000        0x0 TouchDrivers/touch.o
 .text.touch_init
                0x00000000       0xf4 TouchDrivers/touch.o
 .text.touch_measure
                0x00000000       0x6c TouchDrivers/touch.o
 .data.y_line_info
                0x00000000        0x4 TouchDrivers/touch.o
 .data.x_line_info
                0x00000000       0x20 TouchDrivers/touch.o
 .bss.time_ms   0x00000000        0x2 TouchDrivers/touch.o
 .debug_info    0x00000000      0x6a9 TouchDrivers/touch.o
 .debug_abbrev  0x00000000      0x19f TouchDrivers/touch.o
 .debug_loc     0x00000000      0x26a TouchDrivers/touch.o
 .debug_aranges
                0x00000000       0x28 TouchDrivers/touch.o
 .debug_ranges  0x00000000       0x18 TouchDrivers/touch.o
 .debug_macro   0x00000000       0xd5 TouchDrivers/touch.o
 .debug_macro   0x00000000      0xab4 TouchDrivers/touch.o
 .debug_macro   0x00000000      0x1ad TouchDrivers/touch.o
 .debug_macro   0x00000000       0x22 TouchDrivers/touch.o
 .debug_macro   0x00000000       0x1c TouchDrivers/touch.o
 .debug_macro   0x00000000      0x10e TouchDrivers/touch.o
 .debug_macro   0x00000000       0x66 TouchDrivers/touch.o
 .debug_macro   0x00000000       0x34 TouchDrivers/touch.o
 .debug_macro   0x00000000       0xd4 TouchDrivers/touch.o
 .debug_macro   0x00000000       0x10 TouchDrivers/touch.o
 .debug_macro   0x00000000      0x299 TouchDrivers/touch.o
 .debug_macro   0x00000000       0x9e TouchDrivers/touch.o
 .debug_macro   0x00000000     0x18ff TouchDrivers/touch.o
 .debug_macro   0x00000000       0xe2 TouchDrivers/touch.o
 .debug_macro   0x00000000      0x1e0 TouchDrivers/touch.o
 .debug_macro   0x00000000       0xcb TouchDrivers/touch.o
 .debug_macro   0x00000000       0x34 TouchDrivers/touch.o
 .debug_macro   0x00000000       0x18 TouchDrivers/touch.o
 .debug_macro   0x00000000       0x6c TouchDrivers/touch.o
 .debug_macro   0x00000000       0x69 TouchDrivers/touch.o
 .debug_line    0x00000000      0x3b6 TouchDrivers/touch.o
 .debug_str     0x00000000     0x86cc TouchDrivers/touch.o
 .comment       0x00000000       0x31 TouchDrivers/touch.o
 .debug_frame   0x00000000       0x7c TouchDrivers/touch.o
 .group         0x00000000        0x8 TouchDrivers/touchdrivertest.o
 .group         0x00000000        0x8 TouchDrivers/touchdrivertest.o
 .group         0x00000000        0x8 TouchDrivers/touchdrivertest.o
 .group         0x00000000        0x8 TouchDrivers/touchdrivertest.o
 .group         0x00000000        0x8 TouchDrivers/touchdrivertest.o
 .group         0x00000000        0x8 TouchDrivers/touchdrivertest.o
 .group         0x00000000        0x8 TouchDrivers/touchdrivertest.o
 .group         0x00000000        0x8 TouchDrivers/touchdrivertest.o
 .group         0x00000000        0x8 TouchDrivers/touchdrivertest.o
 .group         0x00000000        0x8 TouchDrivers/touchdrivertest.o
 .group         0x00000000        0x8 TouchDrivers/touchdrivertest.o
 .group         0x00000000        0x8 TouchDrivers/touchdrivertest.o
 .group         0x00000000        0x8 TouchDrivers/touchdrivertest.o
 .group         0x00000000        0x8 TouchDrivers/touchdrivertest.o
 .group         0x00000000        0x8 TouchDrivers/touchdrivertest.o
 .group         0x00000000        0x8 TouchDrivers/touchdrivertest.o
 .group         0x00000000        0x8 TouchDrivers/touchdrivertest.o
 .text          0x00000000        0x0 TouchDrivers/touchdrivertest.o
 .data          0x00000000        0x0 TouchDrivers/touchdrivertest.o
 .bss           0x00000000        0x0 TouchDrivers/touchdrivertest.o
 .rodata.str1.1
                0x00000000       0x13 TouchDrivers/touchdrivertest.o
 .text.mainTest
                0x00000000       0xe6 TouchDrivers/touchdrivertest.o
 .debug_info    0x00000000      0x53c TouchDrivers/touchdrivertest.o
 .debug_abbrev  0x00000000      0x1de TouchDrivers/touchdrivertest.o
 .debug_loc     0x00000000       0xaf TouchDrivers/touchdrivertest.o
 .debug_aranges
                0x00000000       0x20 TouchDrivers/touchdrivertest.o
 .debug_ranges  0x00000000       0x10 TouchDrivers/touchdrivertest.o
 .debug_macro   0x00000000       0xd7 TouchDrivers/touchdrivertest.o
 .debug_macro   0x00000000      0xab4 TouchDrivers/touchdrivertest.o
 .debug_macro   0x00000000       0x10 TouchDrivers/touchdrivertest.o
 .debug_macro   0x00000000      0x1ad TouchDrivers/touchdrivertest.o
 .debug_macro   0x00000000      0x293 TouchDrivers/touchdrivertest.o
 .debug_macro   0x00000000       0x9e TouchDrivers/touchdrivertest.o
 .debug_macro   0x00000000     0x18ff TouchDrivers/touchdrivertest.o
 .debug_macro   0x00000000       0xe2 TouchDrivers/touchdrivertest.o
 .debug_macro   0x00000000      0x1e0 TouchDrivers/touchdrivertest.o
 .debug_macro   0x00000000       0xcb TouchDrivers/touchdrivertest.o
 .debug_macro   0x00000000       0x34 TouchDrivers/touchdrivertest.o
 .debug_macro   0x00000000       0x18 TouchDrivers/touchdrivertest.o
 .debug_macro   0x00000000       0x6c TouchDrivers/touchdrivertest.o
 .debug_macro   0x00000000       0x10 TouchDrivers/touchdrivertest.o
 .debug_macro   0x00000000      0x16d TouchDrivers/touchdrivertest.o
 .debug_macro   0x00000000       0x1c TouchDrivers/touchdrivertest.o
 .debug_macro   0x00000000      0x10e TouchDrivers/touchdrivertest.o
 .debug_macro   0x00000000       0x60 TouchDrivers/touchdrivertest.o
 .debug_line    0x00000000      0x3f4 TouchDrivers/touchdrivertest.o
 .debug_str     0x00000000     0x7cda TouchDrivers/touchdrivertest.o
 .comment       0x00000000       0x31 TouchDrivers/touchdrivertest.o
 .debug_frame   0x00000000       0x34 TouchDrivers/touchdrivertest.o
 .group         0x00000000        0x8 TouchDrivers/touchPWM.o
 .group         0x00000000        0x8 TouchDrivers/touchPWM.o
 .group         0x00000000        0x8 TouchDrivers/touchPWM.o
 .group         0x00000000        0x8 TouchDrivers/touchPWM.o
 .group         0x00000000        0x8 TouchDrivers/touchPWM.o
 .group         0x00000000        0x8 TouchDrivers/touchPWM.o
 .group         0x00000000        0x8 TouchDrivers/touchPWM.o
 .group         0x00000000        0x8 TouchDrivers/touchPWM.o
 .group         0x00000000        0x8 TouchDrivers/touchPWM.o
 .group         0x00000000        0x8 TouchDrivers/touchPWM.o
 .group         0x00000000        0x8 TouchDrivers/touchPWM.o
 .group         0x00000000        0x8 TouchDrivers/touchPWM.o
 .group         0x00000000        0x8 TouchDrivers/touchPWM.o
 .group         0x00000000        0x8 TouchDrivers/touchPWM.o
 .group         0x00000000        0x8 TouchDrivers/touchPWM.o
 .group         0x00000000        0x8 TouchDrivers/touchPWM.o
 .group         0x00000000        0x8 TouchDrivers/touchPWM.o
 .group         0x00000000        0x8 TouchDrivers/touchPWM.o
 .group         0x00000000        0x8 TouchDrivers/touchPWM.o
 .group         0x00000000        0x8 TouchDrivers/touchPWM.o
 .group         0x00000000        0x8 TouchDrivers/touchPWM.o
 .group         0x00000000        0x8 TouchDrivers/touchPWM.o
 .group         0x00000000        0x8 TouchDrivers/touchPWM.o
 .group         0x00000000        0x8 TouchDrivers/touchPWM.o
 .group         0x00000000        0x8 TouchDrivers/touchPWM.o
 .text          0x00000000        0x0 TouchDrivers/touchPWM.o
 .data          0x00000000        0x0 TouchDrivers/touchPWM.o
 .bss           0x00000000        0x0 TouchDrivers/touchPWM.o
 .debug_info    0x00000000       0x61 TouchDrivers/touchPWM.o
 .debug_abbrev  0x00000000       0x29 TouchDrivers/touchPWM.o
 .debug_aranges
                0x00000000       0x18 TouchDrivers/touchPWM.o
 .debug_macro   0x00000000      0x11e TouchDrivers/touchPWM.o
 .debug_macro   0x00000000      0xab4 TouchDrivers/touchPWM.o
 .debug_macro   0x00000000       0x10 TouchDrivers/touchPWM.o
 .debug_macro   0x00000000       0x10 TouchDrivers/touchPWM.o
 .debug_macro   0x00000000      0x1ad TouchDrivers/touchPWM.o
 .debug_macro   0x00000000      0x293 TouchDrivers/touchPWM.o
 .debug_macro   0x00000000       0x9e TouchDrivers/touchPWM.o
 .debug_macro   0x00000000     0x18ff TouchDrivers/touchPWM.o
 .debug_macro   0x00000000       0xe2 TouchDrivers/touchPWM.o
 .debug_macro   0x00000000      0x1e0 TouchDrivers/touchPWM.o
 .debug_macro   0x00000000       0xcb TouchDrivers/touchPWM.o
 .debug_macro   0x00000000       0x34 TouchDrivers/touchPWM.o
 .debug_macro   0x00000000       0x18 TouchDrivers/touchPWM.o
 .debug_macro   0x00000000       0x6c TouchDrivers/touchPWM.o
 .debug_macro   0x00000000       0x69 TouchDrivers/touchPWM.o
 .debug_macro   0x00000000       0x10 TouchDrivers/touchPWM.o
 .debug_macro   0x00000000      0x16d TouchDrivers/touchPWM.o
 .debug_macro   0x00000000       0x1c TouchDrivers/touchPWM.o
 .debug_macro   0x00000000      0x10e TouchDrivers/touchPWM.o
 .debug_macro   0x00000000       0x60 TouchDrivers/touchPWM.o
 .debug_macro   0x00000000       0x28 TouchDrivers/touchPWM.o
 .debug_macro   0x00000000       0x58 TouchDrivers/touchPWM.o
 .debug_macro   0x00000000       0x10 TouchDrivers/touchPWM.o
 .debug_macro   0x00000000       0x20 TouchDrivers/touchPWM.o
 .debug_macro   0x00000000       0xeb TouchDrivers/touchPWM.o
 .debug_macro   0x00000000       0x16 TouchDrivers/touchPWM.o
 .debug_line    0x00000000      0x30d TouchDrivers/touchPWM.o
 .debug_str     0x00000000     0x868f TouchDrivers/touchPWM.o
 .comment       0x00000000       0x31 TouchDrivers/touchPWM.o
 .text          0x00000000      0x122 C:\Users\TEMP\byggern\Node3USB\Node3USB\TouchDrivers\libavr51g2_16qm_8x_2y_krs_2rs.a(burst_qm_1.o)
 .data          0x00000000        0x0 C:\Users\TEMP\byggern\Node3USB\Node3USB\TouchDrivers\libavr51g2_16qm_8x_2y_krs_2rs.a(burst_qm_1.o)
 .bss           0x00000000        0x0 C:\Users\TEMP\byggern\Node3USB\Node3USB\TouchDrivers\libavr51g2_16qm_8x_2y_krs_2rs.a(burst_qm_1.o)
 .text          0x00000000      0x122 C:\Users\TEMP\byggern\Node3USB\Node3USB\TouchDrivers\libavr51g2_16qm_8x_2y_krs_2rs.a(burst_qm_2.o)
 .data          0x00000000        0x0 C:\Users\TEMP\byggern\Node3USB\Node3USB\TouchDrivers\libavr51g2_16qm_8x_2y_krs_2rs.a(burst_qm_2.o)
 .bss           0x00000000        0x0 C:\Users\TEMP\byggern\Node3USB\Node3USB\TouchDrivers\libavr51g2_16qm_8x_2y_krs_2rs.a(burst_qm_2.o)
 .text          0x00000000      0x2ac C:\Users\TEMP\byggern\Node3USB\Node3USB\TouchDrivers\libavr51g2_16qm_8x_2y_krs_2rs.a(touch_api.o)
 .data          0x00000000        0x1 C:\Users\TEMP\byggern\Node3USB\Node3USB\TouchDrivers\libavr51g2_16qm_8x_2y_krs_2rs.a(touch_api.o)
 .bss           0x00000000        0x6 C:\Users\TEMP\byggern\Node3USB\Node3USB\TouchDrivers\libavr51g2_16qm_8x_2y_krs_2rs.a(touch_api.o)
 COMMON         0x00000000       0x4f C:\Users\TEMP\byggern\Node3USB\Node3USB\TouchDrivers\libavr51g2_16qm_8x_2y_krs_2rs.a(touch_api.o)
 .text          0x00000000      0x636 C:\Users\TEMP\byggern\Node3USB\Node3USB\TouchDrivers\libavr51g2_16qm_8x_2y_krs_2rs.a(touch_process.o)
 .data          0x00000000        0x0 C:\Users\TEMP\byggern\Node3USB\Node3USB\TouchDrivers\libavr51g2_16qm_8x_2y_krs_2rs.a(touch_process.o)
 .bss           0x00000000       0x10 C:\Users\TEMP\byggern\Node3USB\Node3USB\TouchDrivers\libavr51g2_16qm_8x_2y_krs_2rs.a(touch_process.o)
 COMMON         0x00000000       0x82 C:\Users\TEMP\byggern\Node3USB\Node3USB\TouchDrivers\libavr51g2_16qm_8x_2y_krs_2rs.a(touch_process.o)
 .text          0x00000000      0x1de C:\Users\TEMP\byggern\Node3USB\Node3USB\TouchDrivers\libavr51g2_16qm_8x_2y_krs_2rs.a(touch_burst_qm.o)
 .data          0x00000000       0x10 C:\Users\TEMP\byggern\Node3USB\Node3USB\TouchDrivers\libavr51g2_16qm_8x_2y_krs_2rs.a(touch_burst_qm.o)
 .bss           0x00000000        0x0 C:\Users\TEMP\byggern\Node3USB\Node3USB\TouchDrivers\libavr51g2_16qm_8x_2y_krs_2rs.a(touch_burst_qm.o)
 COMMON         0x00000000        0xb C:\Users\TEMP\byggern\Node3USB\Node3USB\TouchDrivers\libavr51g2_16qm_8x_2y_krs_2rs.a(touch_burst_qm.o)
 .text          0x00000000      0x5d2 C:\Users\TEMP\byggern\Node3USB\Node3USB\TouchDrivers\libavr51g2_16qm_8x_2y_krs_2rs.a(touch_rs_qm.o)
 .data          0x00000000        0x0 C:\Users\TEMP\byggern\Node3USB\Node3USB\TouchDrivers\libavr51g2_16qm_8x_2y_krs_2rs.a(touch_rs_qm.o)
 .bss           0x00000000       0x20 C:\Users\TEMP\byggern\Node3USB\Node3USB\TouchDrivers\libavr51g2_16qm_8x_2y_krs_2rs.a(touch_rs_qm.o)
 COMMON         0x00000000        0x1 C:\Users\TEMP\byggern\Node3USB\Node3USB\TouchDrivers\libavr51g2_16qm_8x_2y_krs_2rs.a(touch_rs_qm.o)
 .text          0x00000000        0x0 c:/program files (x86)/atmel/atmel toolchain/avr8 gcc/native/3.4.1061/avr8-gnu-toolchain/bin/../lib/gcc/avr/4.8.1/avr51\libgcc.a(_mulsi3.o)
 .data          0x00000000        0x0 c:/program files (x86)/atmel/atmel toolchain/avr8 gcc/native/3.4.1061/avr8-gnu-toolchain/bin/../lib/gcc/avr/4.8.1/avr51\libgcc.a(_mulsi3.o)
 .bss           0x00000000        0x0 c:/program files (x86)/atmel/atmel toolchain/avr8 gcc/native/3.4.1061/avr8-gnu-toolchain/bin/../lib/gcc/avr/4.8.1/avr51\libgcc.a(_mulsi3.o)
 .text.libgcc.mul
                0x00000000       0x20 c:/program files (x86)/atmel/atmel toolchain/avr8 gcc/native/3.4.1061/avr8-gnu-toolchain/bin/../lib/gcc/avr/4.8.1/avr51\libgcc.a(_mulsi3.o)
 .text.libgcc.div
                0x00000000        0x0 c:/program files (x86)/atmel/atmel toolchain/avr8 gcc/native/3.4.1061/avr8-gnu-toolchain/bin/../lib/gcc/avr/4.8.1/avr51\libgcc.a(_mulsi3.o)
 .text.libgcc   0x00000000        0x0 c:/program files (x86)/atmel/atmel toolchain/avr8 gcc/native/3.4.1061/avr8-gnu-toolchain/bin/../lib/gcc/avr/4.8.1/avr51\libgcc.a(_mulsi3.o)
 .text.libgcc.prologue
                0x00000000        0x0 c:/program files (x86)/atmel/atmel toolchain/avr8 gcc/native/3.4.1061/avr8-gnu-toolchain/bin/../lib/gcc/avr/4.8.1/avr51\libgcc.a(_mulsi3.o)
 .text.libgcc.builtins
                0x00000000        0x0 c:/program files (x86)/atmel/atmel toolchain/avr8 gcc/native/3.4.1061/avr8-gnu-toolchain/bin/../lib/gcc/avr/4.8.1/avr51\libgcc.a(_mulsi3.o)
 .text.libgcc.fmul
                0x00000000        0x0 c:/program files (x86)/atmel/atmel toolchain/avr8 gcc/native/3.4.1061/avr8-gnu-toolchain/bin/../lib/gcc/avr/4.8.1/avr51\libgcc.a(_mulsi3.o)
 .text.libgcc.fixed
                0x00000000        0x0 c:/program files (x86)/atmel/atmel toolchain/avr8 gcc/native/3.4.1061/avr8-gnu-toolchain/bin/../lib/gcc/avr/4.8.1/avr51\libgcc.a(_mulsi3.o)
 .text          0x00000000        0x0 c:/program files (x86)/atmel/atmel toolchain/avr8 gcc/native/3.4.1061/avr8-gnu-toolchain/bin/../lib/gcc/avr/4.8.1/avr51\libgcc.a(_exit.o)
 .data          0x00000000        0x0 c:/program files (x86)/atmel/atmel toolchain/avr8 gcc/native/3.4.1061/avr8-gnu-toolchain/bin/../lib/gcc/avr/4.8.1/avr51\libgcc.a(_exit.o)
 .bss           0x00000000        0x0 c:/program files (x86)/atmel/atmel toolchain/avr8 gcc/native/3.4.1061/avr8-gnu-toolchain/bin/../lib/gcc/avr/4.8.1/avr51\libgcc.a(_exit.o)
 .text.libgcc.mul
                0x00000000        0x0 c:/program files (x86)/atmel/atmel toolchain/avr8 gcc/native/3.4.1061/avr8-gnu-toolchain/bin/../lib/gcc/avr/4.8.1/avr51\libgcc.a(_exit.o)
 .text.libgcc.div
                0x00000000        0x0 c:/program files (x86)/atmel/atmel toolchain/avr8 gcc/native/3.4.1061/avr8-gnu-toolchain/bin/../lib/gcc/avr/4.8.1/avr51\libgcc.a(_exit.o)
 .text.libgcc   0x00000000        0x0 c:/program files (x86)/atmel/atmel toolchain/avr8 gcc/native/3.4.1061/avr8-gnu-toolchain/bin/../lib/gcc/avr/4.8.1/avr51\libgcc.a(_exit.o)
 .text.libgcc.prologue
                0x00000000        0x0 c:/program files (x86)/atmel/atmel toolchain/avr8 gcc/native/3.4.1061/avr8-gnu-toolchain/bin/../lib/gcc/avr/4.8.1/avr51\libgcc.a(_exit.o)
 .text.libgcc.builtins
                0x00000000        0x0 c:/program files (x86)/atmel/atmel toolchain/avr8 gcc/native/3.4.1061/avr8-gnu-toolchain/bin/../lib/gcc/avr/4.8.1/avr51\libgcc.a(_exit.o)
 .text.libgcc.fmul
                0x00000000        0x0 c:/program files (x86)/atmel/atmel toolchain/avr8 gcc/native/3.4.1061/avr8-gnu-toolchain/bin/../lib/gcc/avr/4.8.1/avr51\libgcc.a(_exit.o)
 .text.libgcc.fixed
                0x00000000        0x0 c:/program files (x86)/atmel/atmel toolchain/avr8 gcc/native/3.4.1061/avr8-gnu-toolchain/bin/../lib/gcc/avr/4.8.1/avr51\libgcc.a(_exit.o)
 .text          0x00000000        0x0 c:/program files (x86)/atmel/atmel toolchain/avr8 gcc/native/3.4.1061/avr8-gnu-toolchain/bin/../lib/gcc/avr/4.8.1/avr51\libgcc.a(_copy_data.o)
 .data          0x00000000        0x0 c:/program files (x86)/atmel/atmel toolchain/avr8 gcc/native/3.4.1061/avr8-gnu-toolchain/bin/../lib/gcc/avr/4.8.1/avr51\libgcc.a(_copy_data.o)
 .bss           0x00000000        0x0 c:/program files (x86)/atmel/atmel toolchain/avr8 gcc/native/3.4.1061/avr8-gnu-toolchain/bin/../lib/gcc/avr/4.8.1/avr51\libgcc.a(_copy_data.o)
 .text.libgcc.mul
                0x00000000        0x0 c:/program files (x86)/atmel/atmel toolchain/avr8 gcc/native/3.4.1061/avr8-gnu-toolchain/bin/../lib/gcc/avr/4.8.1/avr51\libgcc.a(_copy_data.o)
 .text.libgcc.div
                0x00000000        0x0 c:/program files (x86)/atmel/atmel toolchain/avr8 gcc/native/3.4.1061/avr8-gnu-toolchain/bin/../lib/gcc/avr/4.8.1/avr51\libgcc.a(_copy_data.o)
 .text.libgcc   0x00000000        0x0 c:/program files (x86)/atmel/atmel toolchain/avr8 gcc/native/3.4.1061/avr8-gnu-toolchain/bin/../lib/gcc/avr/4.8.1/avr51\libgcc.a(_copy_data.o)
 .text.libgcc.prologue
                0x00000000        0x0 c:/program files (x86)/atmel/atmel toolchain/avr8 gcc/native/3.4.1061/avr8-gnu-toolchain/bin/../lib/gcc/avr/4.8.1/avr51\libgcc.a(_copy_data.o)
 .text.libgcc.builtins
                0x00000000        0x0 c:/program files (x86)/atmel/atmel toolchain/avr8 gcc/native/3.4.1061/avr8-gnu-toolchain/bin/../lib/gcc/avr/4.8.1/avr51\libgcc.a(_copy_data.o)
 .text.libgcc.fmul
                0x00000000        0x0 c:/program files (x86)/atmel/atmel toolchain/avr8 gcc/native/3.4.1061/avr8-gnu-toolchain/bin/../lib/gcc/avr/4.8.1/avr51\libgcc.a(_copy_data.o)
 .text.libgcc.fixed
                0x00000000        0x0 c:/program files (x86)/atmel/atmel toolchain/avr8 gcc/native/3.4.1061/avr8-gnu-toolchain/bin/../lib/gcc/avr/4.8.1/avr51\libgcc.a(_copy_data.o)
 .text          0x00000000        0x0 c:/program files (x86)/atmel/atmel toolchain/avr8 gcc/native/3.4.1061/avr8-gnu-toolchain/bin/../lib/gcc/avr/4.8.1/avr51\libgcc.a(_clear_bss.o)
 .data          0x00000000        0x0 c:/program files (x86)/atmel/atmel toolchain/avr8 gcc/native/3.4.1061/avr8-gnu-toolchain/bin/../lib/gcc/avr/4.8.1/avr51\libgcc.a(_clear_bss.o)
 .bss           0x00000000        0x0 c:/program files (x86)/atmel/atmel toolchain/avr8 gcc/native/3.4.1061/avr8-gnu-toolchain/bin/../lib/gcc/avr/4.8.1/avr51\libgcc.a(_clear_bss.o)
 .text.libgcc.mul
                0x00000000        0x0 c:/program files (x86)/atmel/atmel toolchain/avr8 gcc/native/3.4.1061/avr8-gnu-toolchain/bin/../lib/gcc/avr/4.8.1/avr51\libgcc.a(_clear_bss.o)
 .text.libgcc.div
                0x00000000        0x0 c:/program files (x86)/atmel/atmel toolchain/avr8 gcc/native/3.4.1061/avr8-gnu-toolchain/bin/../lib/gcc/avr/4.8.1/avr51\libgcc.a(_clear_bss.o)
 .text.libgcc   0x00000000        0x0 c:/program files (x86)/atmel/atmel toolchain/avr8 gcc/native/3.4.1061/avr8-gnu-toolchain/bin/../lib/gcc/avr/4.8.1/avr51\libgcc.a(_clear_bss.o)
 .text.libgcc.prologue
                0x00000000        0x0 c:/program files (x86)/atmel/atmel toolchain/avr8 gcc/native/3.4.1061/avr8-gnu-toolchain/bin/../lib/gcc/avr/4.8.1/avr51\libgcc.a(_clear_bss.o)
 .text.libgcc.builtins
                0x00000000        0x0 c:/program files (x86)/atmel/atmel toolchain/avr8 gcc/native/3.4.1061/avr8-gnu-toolchain/bin/../lib/gcc/avr/4.8.1/avr51\libgcc.a(_clear_bss.o)
 .text.libgcc.fmul
                0x00000000        0x0 c:/program files (x86)/atmel/atmel toolchain/avr8 gcc/native/3.4.1061/avr8-gnu-toolchain/bin/../lib/gcc/avr/4.8.1/avr51\libgcc.a(_clear_bss.o)
 .text.libgcc.fixed
                0x00000000        0x0 c:/program files (x86)/atmel/atmel toolchain/avr8 gcc/native/3.4.1061/avr8-gnu-toolchain/bin/../lib/gcc/avr/4.8.1/avr51\libgcc.a(_clear_bss.o)
 .text          0x00000000        0x0 c:/program files (x86)/atmel/atmel toolchain/avr8 gcc/native/3.4.1061/avr8-gnu-toolchain/bin/../lib/gcc/avr/4.8.1/avr51\libgcc.a(_muluhisi3.o)
 .data          0x00000000        0x0 c:/program files (x86)/atmel/atmel toolchain/avr8 gcc/native/3.4.1061/avr8-gnu-toolchain/bin/../lib/gcc/avr/4.8.1/avr51\libgcc.a(_muluhisi3.o)
 .bss           0x00000000        0x0 c:/program files (x86)/atmel/atmel toolchain/avr8 gcc/native/3.4.1061/avr8-gnu-toolchain/bin/../lib/gcc/avr/4.8.1/avr51\libgcc.a(_muluhisi3.o)
 .text.libgcc.mul
                0x00000000       0x16 c:/program files (x86)/atmel/atmel toolchain/avr8 gcc/native/3.4.1061/avr8-gnu-toolchain/bin/../lib/gcc/avr/4.8.1/avr51\libgcc.a(_muluhisi3.o)
 .text.libgcc.div
                0x00000000        0x0 c:/program files (x86)/atmel/atmel toolchain/avr8 gcc/native/3.4.1061/avr8-gnu-toolchain/bin/../lib/gcc/avr/4.8.1/avr51\libgcc.a(_muluhisi3.o)
 .text.libgcc   0x00000000        0x0 c:/program files (x86)/atmel/atmel toolchain/avr8 gcc/native/3.4.1061/avr8-gnu-toolchain/bin/../lib/gcc/avr/4.8.1/avr51\libgcc.a(_muluhisi3.o)
 .text.libgcc.prologue
                0x00000000        0x0 c:/program files (x86)/atmel/atmel toolchain/avr8 gcc/native/3.4.1061/avr8-gnu-toolchain/bin/../lib/gcc/avr/4.8.1/avr51\libgcc.a(_muluhisi3.o)
 .text.libgcc.builtins
                0x00000000        0x0 c:/program files (x86)/atmel/atmel toolchain/avr8 gcc/native/3.4.1061/avr8-gnu-toolchain/bin/../lib/gcc/avr/4.8.1/avr51\libgcc.a(_muluhisi3.o)
 .text.libgcc.fmul
                0x00000000        0x0 c:/program files (x86)/atmel/atmel toolchain/avr8 gcc/native/3.4.1061/avr8-gnu-toolchain/bin/../lib/gcc/avr/4.8.1/avr51\libgcc.a(_muluhisi3.o)
 .text.libgcc.fixed
                0x00000000        0x0 c:/program files (x86)/atmel/atmel toolchain/avr8 gcc/native/3.4.1061/avr8-gnu-toolchain/bin/../lib/gcc/avr/4.8.1/avr51\libgcc.a(_muluhisi3.o)
 .text          0x00000000        0x0 c:/program files (x86)/atmel/atmel toolchain/avr8 gcc/native/3.4.1061/avr8-gnu-toolchain/bin/../lib/gcc/avr/4.8.1/avr51\libgcc.a(_prologue.o)
 .data          0x00000000        0x0 c:/program files (x86)/atmel/atmel toolchain/avr8 gcc/native/3.4.1061/avr8-gnu-toolchain/bin/../lib/gcc/avr/4.8.1/avr51\libgcc.a(_prologue.o)
 .bss           0x00000000        0x0 c:/program files (x86)/atmel/atmel toolchain/avr8 gcc/native/3.4.1061/avr8-gnu-toolchain/bin/../lib/gcc/avr/4.8.1/avr51\libgcc.a(_prologue.o)
 .text.libgcc.mul
                0x00000000        0x0 c:/program files (x86)/atmel/atmel toolchain/avr8 gcc/native/3.4.1061/avr8-gnu-toolchain/bin/../lib/gcc/avr/4.8.1/avr51\libgcc.a(_prologue.o)
 .text.libgcc.div
                0x00000000        0x0 c:/program files (x86)/atmel/atmel toolchain/avr8 gcc/native/3.4.1061/avr8-gnu-toolchain/bin/../lib/gcc/avr/4.8.1/avr51\libgcc.a(_prologue.o)
 .text.libgcc   0x00000000        0x0 c:/program files (x86)/atmel/atmel toolchain/avr8 gcc/native/3.4.1061/avr8-gnu-toolchain/bin/../lib/gcc/avr/4.8.1/avr51\libgcc.a(_prologue.o)
 .text.libgcc.prologue
                0x00000000       0x38 c:/program files (x86)/atmel/atmel toolchain/avr8 gcc/native/3.4.1061/avr8-gnu-toolchain/bin/../lib/gcc/avr/4.8.1/avr51\libgcc.a(_prologue.o)
 .text.libgcc.builtins
                0x00000000        0x0 c:/program files (x86)/atmel/atmel toolchain/avr8 gcc/native/3.4.1061/avr8-gnu-toolchain/bin/../lib/gcc/avr/4.8.1/avr51\libgcc.a(_prologue.o)
 .text.libgcc.fmul
                0x00000000        0x0 c:/program files (x86)/atmel/atmel toolchain/avr8 gcc/native/3.4.1061/avr8-gnu-toolchain/bin/../lib/gcc/avr/4.8.1/avr51\libgcc.a(_prologue.o)
 .text.libgcc.fixed
                0x00000000        0x0 c:/program files (x86)/atmel/atmel toolchain/avr8 gcc/native/3.4.1061/avr8-gnu-toolchain/bin/../lib/gcc/avr/4.8.1/avr51\libgcc.a(_prologue.o)
 .text          0x00000000        0x0 c:/program files (x86)/atmel/atmel toolchain/avr8 gcc/native/3.4.1061/avr8-gnu-toolchain/bin/../lib/gcc/avr/4.8.1/avr51\libgcc.a(_epilogue.o)
 .data          0x00000000        0x0 c:/program files (x86)/atmel/atmel toolchain/avr8 gcc/native/3.4.1061/avr8-gnu-toolchain/bin/../lib/gcc/avr/4.8.1/avr51\libgcc.a(_epilogue.o)
 .bss           0x00000000        0x0 c:/program files (x86)/atmel/atmel toolchain/avr8 gcc/native/3.4.1061/avr8-gnu-toolchain/bin/../lib/gcc/avr/4.8.1/avr51\libgcc.a(_epilogue.o)
 .text.libgcc.mul
                0x00000000        0x0 c:/program files (x86)/atmel/atmel toolchain/avr8 gcc/native/3.4.1061/avr8-gnu-toolchain/bin/../lib/gcc/avr/4.8.1/avr51\libgcc.a(_epilogue.o)
 .text.libgcc.div
                0x00000000        0x0 c:/program files (x86)/atmel/atmel toolchain/avr8 gcc/native/3.4.1061/avr8-gnu-toolchain/bin/../lib/gcc/avr/4.8.1/avr51\libgcc.a(_epilogue.o)
 .text.libgcc   0x00000000        0x0 c:/program files (x86)/atmel/atmel toolchain/avr8 gcc/native/3.4.1061/avr8-gnu-toolchain/bin/../lib/gcc/avr/4.8.1/avr51\libgcc.a(_epilogue.o)
 .text.libgcc.prologue
                0x00000000       0x36 c:/program files (x86)/atmel/atmel toolchain/avr8 gcc/native/3.4.1061/avr8-gnu-toolchain/bin/../lib/gcc/avr/4.8.1/avr51\libgcc.a(_epilogue.o)
 .text.libgcc.builtins
                0x00000000        0x0 c:/program files (x86)/atmel/atmel toolchain/avr8 gcc/native/3.4.1061/avr8-gnu-toolchain/bin/../lib/gcc/avr/4.8.1/avr51\libgcc.a(_epilogue.o)
 .text.libgcc.fmul
                0x00000000        0x0 c:/program files (x86)/atmel/atmel toolchain/avr8 gcc/native/3.4.1061/avr8-gnu-toolchain/bin/../lib/gcc/avr/4.8.1/avr51\libgcc.a(_epilogue.o)
 .text.libgcc.fixed
                0x00000000        0x0 c:/program files (x86)/atmel/atmel toolchain/avr8 gcc/native/3.4.1061/avr8-gnu-toolchain/bin/../lib/gcc/avr/4.8.1/avr51\libgcc.a(_epilogue.o)
 .text          0x00000000        0x0 c:/program files (x86)/atmel/atmel toolchain/avr8 gcc/native/3.4.1061/avr8-gnu-toolchain/bin/../lib/gcc/avr/4.8.1/avr51\libgcc.a(_umulhisi3.o)
 .data          0x00000000        0x0 c:/program files (x86)/atmel/atmel toolchain/avr8 gcc/native/3.4.1061/avr8-gnu-toolchain/bin/../lib/gcc/avr/4.8.1/avr51\libgcc.a(_umulhisi3.o)
 .bss           0x00000000        0x0 c:/program files (x86)/atmel/atmel toolchain/avr8 gcc/native/3.4.1061/avr8-gnu-toolchain/bin/../lib/gcc/avr/4.8.1/avr51\libgcc.a(_umulhisi3.o)
 .text.libgcc.mul
                0x00000000       0x1e c:/program files (x86)/atmel/atmel toolchain/avr8 gcc/native/3.4.1061/avr8-gnu-toolchain/bin/../lib/gcc/avr/4.8.1/avr51\libgcc.a(_umulhisi3.o)
 .text.libgcc.div
                0x00000000        0x0 c:/program files (x86)/atmel/atmel toolchain/avr8 gcc/native/3.4.1061/avr8-gnu-toolchain/bin/../lib/gcc/avr/4.8.1/avr51\libgcc.a(_umulhisi3.o)
 .text.libgcc   0x00000000        0x0 c:/program files (x86)/atmel/atmel toolchain/avr8 gcc/native/3.4.1061/avr8-gnu-toolchain/bin/../lib/gcc/avr/4.8.1/avr51\libgcc.a(_umulhisi3.o)
 .text.libgcc.prologue
                0x00000000        0x0 c:/program files (x86)/atmel/atmel toolchain/avr8 gcc/native/3.4.1061/avr8-gnu-toolchain/bin/../lib/gcc/avr/4.8.1/avr51\libgcc.a(_umulhisi3.o)
 .text.libgcc.builtins
                0x00000000        0x0 c:/program files (x86)/atmel/atmel toolchain/avr8 gcc/native/3.4.1061/avr8-gnu-toolchain/bin/../lib/gcc/avr/4.8.1/avr51\libgcc.a(_umulhisi3.o)
 .text.libgcc.fmul
                0x00000000        0x0 c:/program files (x86)/atmel/atmel toolchain/avr8 gcc/native/3.4.1061/avr8-gnu-toolchain/bin/../lib/gcc/avr/4.8.1/avr51\libgcc.a(_umulhisi3.o)
 .text.libgcc.fixed
                0x00000000        0x0 c:/program files (x86)/atmel/atmel toolchain/avr8 gcc/native/3.4.1061/avr8-gnu-toolchain/bin/../lib/gcc/avr/4.8.1/avr51\libgcc.a(_umulhisi3.o)
 .text          0x00000000        0x0 c:/program files (x86)/atmel/atmel toolchain/avr8 gcc/native/3.4.1061/avr8-gnu-toolchain/bin/../lib/gcc/avr/4.8.1/../../../../avr/lib/avr51\libc.a(itoa_ncheck.o)
 .data          0x00000000        0x0 c:/program files (x86)/atmel/atmel toolchain/avr8 gcc/native/3.4.1061/avr8-gnu-toolchain/bin/../lib/gcc/avr/4.8.1/../../../../avr/lib/avr51\libc.a(itoa_ncheck.o)
 .bss           0x00000000        0x0 c:/program files (x86)/atmel/atmel toolchain/avr8 gcc/native/3.4.1061/avr8-gnu-toolchain/bin/../lib/gcc/avr/4.8.1/../../../../avr/lib/avr51\libc.a(itoa_ncheck.o)
 .text.avr-libc
                0x00000000       0x16 c:/program files (x86)/atmel/atmel toolchain/avr8 gcc/native/3.4.1061/avr8-gnu-toolchain/bin/../lib/gcc/avr/4.8.1/../../../../avr/lib/avr51\libc.a(itoa_ncheck.o)
 .text          0x00000000        0x0 c:/program files (x86)/atmel/atmel toolchain/avr8 gcc/native/3.4.1061/avr8-gnu-toolchain/bin/../lib/gcc/avr/4.8.1/../../../../avr/lib/avr51\libc.a(utoa_ncheck.o)
 .data          0x00000000        0x0 c:/program files (x86)/atmel/atmel toolchain/avr8 gcc/native/3.4.1061/avr8-gnu-toolchain/bin/../lib/gcc/avr/4.8.1/../../../../avr/lib/avr51\libc.a(utoa_ncheck.o)
 .bss           0x00000000        0x0 c:/program files (x86)/atmel/atmel toolchain/avr8 gcc/native/3.4.1061/avr8-gnu-toolchain/bin/../lib/gcc/avr/4.8.1/../../../../avr/lib/avr51\libc.a(utoa_ncheck.o)
 .text.avr-libc
                0x00000000       0x34 c:/program files (x86)/atmel/atmel toolchain/avr8 gcc/native/3.4.1061/avr8-gnu-toolchain/bin/../lib/gcc/avr/4.8.1/../../../../avr/lib/avr51\libc.a(utoa_ncheck.o)
 .text          0x00000000        0x0 c:/program files (x86)/atmel/atmel toolchain/avr8 gcc/native/3.4.1061/avr8-gnu-toolchain/bin/../lib/gcc/avr/4.8.1/../../../../avr/lib/avr51\libc.a(strrev.o)
 .data          0x00000000        0x0 c:/program files (x86)/atmel/atmel toolchain/avr8 gcc/native/3.4.1061/avr8-gnu-toolchain/bin/../lib/gcc/avr/4.8.1/../../../../avr/lib/avr51\libc.a(strrev.o)
 .bss           0x00000000        0x0 c:/program files (x86)/atmel/atmel toolchain/avr8 gcc/native/3.4.1061/avr8-gnu-toolchain/bin/../lib/gcc/avr/4.8.1/../../../../avr/lib/avr51\libc.a(strrev.o)
 .text.avr-libc
                0x00000000       0x20 c:/program files (x86)/atmel/atmel toolchain/avr8 gcc/native/3.4.1061/avr8-gnu-toolchain/bin/../lib/gcc/avr/4.8.1/../../../../avr/lib/avr51\libc.a(strrev.o)

Memory Configuration

Name             Origin             Length             Attributes
text             0x00000000         0x00020000         xr
data             0x00800100         0x0000ff00         rw !x
eeprom           0x00810000         0x00010000         rw !x
fuse             0x00820000         0x00000400         rw !x
lock             0x00830000         0x00000400         rw !x
signature        0x00840000         0x00000400         rw !x
user_signatures  0x00850000         0x00000400         rw !x
*default*        0x00000000         0xffffffff

Linker script and memory map

Address of section .data set to 0x800100
LOAD c:/program files (x86)/atmel/atmel toolchain/avr8 gcc/native/3.4.1061/avr8-gnu-toolchain/bin/../lib/gcc/avr/4.8.1/../../../../avr/lib/avr51/crtusb1287.o
LOAD Communication_drivers/USB.o
LOAD Node3.o
LOAD TouchDrivers/oled.o
LOAD TouchDrivers/qm_asm_tiny_mega.o
LOAD TouchDrivers/touch.o
LOAD TouchDrivers/touchdrivertest.o
LOAD TouchDrivers/touchPWM.o
START GROUP
LOAD c:/program files (x86)/atmel/atmel toolchain/avr8 gcc/native/3.4.1061/avr8-gnu-toolchain/bin/../lib/gcc/avr/4.8.1/../../../../avr/lib/avr51\libm.a
LOAD C:\Users\TEMP\byggern\Node3USB\Node3USB\TouchDrivers\libavr51g2_16qm_8x_2y_krs_2rs.a
END GROUP
START GROUP
LOAD c:/program files (x86)/atmel/atmel toolchain/avr8 gcc/native/3.4.1061/avr8-gnu-toolchain/bin/../lib/gcc/avr/4.8.1/avr51\libgcc.a
LOAD c:/program files (x86)/atmel/atmel toolchain/avr8 gcc/native/3.4.1061/avr8-gnu-toolchain/bin/../lib/gcc/avr/4.8.1/../../../../avr/lib/avr51\libm.a
LOAD c:/program files (x86)/atmel/atmel toolchain/avr8 gcc/native/3.4.1061/avr8-gnu-toolchain/bin/../lib/gcc/avr/4.8.1/../../../../avr/lib/avr51\libc.a
END GROUP

.hash
 *(.hash)

.dynsym
 *(.dynsym)

.dynstr
 *(.dynstr)

.gnu.version
 *(.gnu.version)

.gnu.version_d
 *(.gnu.version_d)

.gnu.version_r
 *(.gnu.version_r)

.rel.init
 *(.rel.init)

.rela.init
 *(.rela.init)

.rel.text
 *(.rel.text)
 *(.rel.text.*)
 *(.rel.gnu.linkonce.t*)

.rela.text
 *(.rela.text)
 *(.rela.text.*)
 *(.rela.gnu.linkonce.t*)

.rel.fini
 *(.rel.fini)

.rela.fini
 *(.rela.fini)

.rel.rodata
 *(.rel.rodata)
 *(.rel.rodata.*)
 *(.rel.gnu.linkonce.r*)

.rela.rodata
 *(.rela.rodata)
 *(.rela.rodata.*)
 *(.rela.gnu.linkonce.r*)

.rel.data
 *(.rel.data)
 *(.rel.data.*)
 *(.rel.gnu.linkonce.d*)

.rela.data
 *(.rela.data)
 *(.rela.data.*)
 *(.rela.gnu.linkonce.d*)

.rel.ctors
 *(.rel.ctors)

.rela.ctors
 *(.rela.ctors)

.rel.dtors
 *(.rel.dtors)

.rela.dtors
 *(.rela.dtors)

.rel.got
 *(.rel.got)

.rela.got
 *(.rela.got)

.rel.bss
 *(.rel.bss)

.rela.bss
 *(.rela.bss)

.rel.plt
 *(.rel.plt)

.rela.plt
 *(.rela.plt)

.text           0x00000000      0x1ba
 *(.vectors)
 .vectors       0x00000000       0x98 c:/program files (x86)/atmel/atmel toolchain/avr8 gcc/native/3.4.1061/avr8-gnu-toolchain/bin/../lib/gcc/avr/4.8.1/../../../../avr/lib/avr51/crtusb1287.o
                0x00000000                __vector_default
                0x00000000                __vectors
 *(.vectors)
 *(.progmem.gcc*)
                0x00000098                . = ALIGN (0x2)
                0x00000098                __trampolines_start = .
 *(.trampolines)
 .trampolines   0x00000098        0x0 linker stubs
 *(.trampolines*)
                0x00000098                __trampolines_end = .
 *(.progmem*)
                0x00000098                . = ALIGN (0x2)
 *(.jumptables)
 *(.jumptables*)
 *(.lowtext)
 *(.lowtext*)
                0x00000098                __ctors_start = .
 *(.ctors)
                0x00000098                __ctors_end = .
                0x00000098                __dtors_start = .
 *(.dtors)
                0x00000098                __dtors_end = .
 SORT(*)(.ctors)
 SORT(*)(.dtors)
 *(.init0)
 .init0         0x00000098        0x0 c:/program files (x86)/atmel/atmel toolchain/avr8 gcc/native/3.4.1061/avr8-gnu-toolchain/bin/../lib/gcc/avr/4.8.1/../../../../avr/lib/avr51/crtusb1287.o
                0x00000098                __init
 *(.init0)
 *(.init1)
 *(.init1)
 *(.init2)
 .init2         0x00000098        0xc c:/program files (x86)/atmel/atmel toolchain/avr8 gcc/native/3.4.1061/avr8-gnu-toolchain/bin/../lib/gcc/avr/4.8.1/../../../../avr/lib/avr51/crtusb1287.o
 *(.init2)
 *(.init3)
 *(.init3)
 *(.init4)
 .init4         0x000000a4       0x1a c:/program files (x86)/atmel/atmel toolchain/avr8 gcc/native/3.4.1061/avr8-gnu-toolchain/bin/../lib/gcc/avr/4.8.1/avr51\libgcc.a(_copy_data.o)
                0x000000a4                __do_copy_data
 .init4         0x000000be       0x10 c:/program files (x86)/atmel/atmel toolchain/avr8 gcc/native/3.4.1061/avr8-gnu-toolchain/bin/../lib/gcc/avr/4.8.1/avr51\libgcc.a(_clear_bss.o)
                0x000000be                __do_clear_bss
 *(.init4)
 *(.init5)
 *(.init5)
 *(.init6)
 *(.init6)
 *(.init7)
 *(.init7)
 *(.init8)
 *(.init8)
 *(.init9)
 .init9         0x000000ce        0x4 c:/program files (x86)/atmel/atmel toolchain/avr8 gcc/native/3.4.1061/avr8-gnu-toolchain/bin/../lib/gcc/avr/4.8.1/../../../../avr/lib/avr51/crtusb1287.o
 *(.init9)
 *(.text)
 .text          0x000000d2        0x2 c:/program files (x86)/atmel/atmel toolchain/avr8 gcc/native/3.4.1061/avr8-gnu-toolchain/bin/../lib/gcc/avr/4.8.1/../../../../avr/lib/avr51/crtusb1287.o
                0x000000d2                __vector_22
                0x000000d2                __vector_28
                0x000000d2                __vector_1
                0x000000d2                __vector_32
                0x000000d2                __vector_34
                0x000000d2                __vector_24
                0x000000d2                __vector_12
                0x000000d2                __bad_interrupt
                0x000000d2                __vector_6
                0x000000d2                __vector_31
                0x000000d2                __vector_35
                0x000000d2                __vector_3
                0x000000d2                __vector_23
                0x000000d2                __vector_30
                0x000000d2                __vector_25
                0x000000d2                __vector_11
                0x000000d2                __vector_13
                0x000000d2                __vector_17
                0x000000d2                __vector_19
                0x000000d2                __vector_7
                0x000000d2                __vector_27
                0x000000d2                __vector_5
                0x000000d2                __vector_33
                0x000000d2                __vector_37
                0x000000d2                __vector_4
                0x000000d2                __vector_9
                0x000000d2                __vector_2
                0x000000d2                __vector_21
                0x000000d2                __vector_15
                0x000000d2                __vector_36
                0x000000d2                __vector_29
                0x000000d2                __vector_8
                0x000000d2                __vector_26
                0x000000d2                __vector_14
                0x000000d2                __vector_10
                0x000000d2                __vector_16
                0x000000d2                __vector_18
                0x000000d2                __vector_20
                0x000000d4                . = ALIGN (0x2)
 *(.text.*)
 .text.USB_init_general
                0x000000d4       0x72 Communication_drivers/USB.o
                0x000000d4                USB_init_general
 .text.USB_init
                0x00000146       0x6c Communication_drivers/USB.o
                0x00000146                USB_init
 .text.main     0x000001b2        0x4 Node3.o
                0x000001b2                main
                0x000001b6                . = ALIGN (0x2)
 *(.fini9)
 .fini9         0x000001b6        0x0 c:/program files (x86)/atmel/atmel toolchain/avr8 gcc/native/3.4.1061/avr8-gnu-toolchain/bin/../lib/gcc/avr/4.8.1/avr51\libgcc.a(_exit.o)
                0x000001b6                _exit
                0x000001b6                exit
 *(.fini9)
 *(.fini8)
 *(.fini8)
 *(.fini7)
 *(.fini7)
 *(.fini6)
 *(.fini6)
 *(.fini5)
 *(.fini5)
 *(.fini4)
 *(.fini4)
 *(.fini3)
 *(.fini3)
 *(.fini2)
 *(.fini2)
 *(.fini1)
 *(.fini1)
 *(.fini0)
 .fini0         0x000001b6        0x4 c:/program files (x86)/atmel/atmel toolchain/avr8 gcc/native/3.4.1061/avr8-gnu-toolchain/bin/../lib/gcc/avr/4.8.1/avr51\libgcc.a(_exit.o)
 *(.fini0)
                0x000001ba                _etext = .

.data           0x00800100        0x0 load address 0x000001ba
                0x00800100                PROVIDE (__data_start, .)
 *(.data)
 *(.data*)
 *(.rodata)
 *(.rodata*)
 *(.gnu.linkonce.d*)
                0x00800100                . = ALIGN (0x2)
                0x00800100                _edata = .
                0x00800100                PROVIDE (__data_end, .)

.bss            0x00800100        0x0
                0x00800100                PROVIDE (__bss_start, .)
 *(.bss)
 *(.bss*)
 *(COMMON)
                0x00800100                PROVIDE (__bss_end, .)
                0x000001ba                __data_load_start = LOADADDR (.data)
                0x000001ba                __data_load_end = (__data_load_start + SIZEOF (.data))

.noinit         0x00800100        0x0
                0x00800100                PROVIDE (__noinit_start, .)
 *(.noinit*)
                0x00800100                PROVIDE (__noinit_end, .)
                0x00800100                _end = .
                0x00800100                PROVIDE (__heap_start, .)

.eeprom         0x00810000        0x0
 *(.eeprom*)
                0x00810000                __eeprom_end = .

.fuse
 *(.fuse)
 *(.lfuse)
 *(.hfuse)
 *(.efuse)

.lock
 *(.lock*)

.signature
 *(.signature*)

.user_signatures
 *(.user_signatures*)

.stab
 *(.stab)

.stabstr
 *(.stabstr)

.stab.excl
 *(.stab.excl)

.stab.exclstr
 *(.stab.exclstr)

.stab.index
 *(.stab.index)

.stab.indexstr
 *(.stab.indexstr)

.comment        0x00000000       0x30
 *(.comment)
 .comment       0x00000000       0x30 Communication_drivers/USB.o
                                 0x31 (size before relaxing)
 .comment       0x00000000       0x31 Node3.o

.note.gnu.build-id
 *(.note.gnu.build-id)

.debug
 *(.debug)

.line
 *(.line)

.debug_srcinfo
 *(.debug_srcinfo)

.debug_sfnames
 *(.debug_sfnames)

.debug_aranges  0x00000000       0x50
 *(.debug_aranges)
 .debug_aranges
                0x00000000       0x30 Communication_drivers/USB.o
 .debug_aranges
                0x00000030       0x20 Node3.o

.debug_pubnames
 *(.debug_pubnames)

.debug_info     0x00000000      0x168
 *(.debug_info .gnu.linkonce.wi.*)
 .debug_info    0x00000000       0xc9 Communication_drivers/USB.o
 .debug_info    0x000000c9       0x9f Node3.o

.debug_abbrev   0x00000000       0xf5
 *(.debug_abbrev)
 .debug_abbrev  0x00000000       0x8d Communication_drivers/USB.o
 .debug_abbrev  0x0000008d       0x68 Node3.o

.debug_line     0x00000000      0x776
 *(.debug_line .debug_line.* .debug_line_end)
 .debug_line    0x00000000      0x421 Communication_drivers/USB.o
 .debug_line    0x00000421      0x355 Node3.o

.debug_frame    0x00000000       0x68
 *(.debug_frame)
 .debug_frame   0x00000000       0x44 Communication_drivers/USB.o
 .debug_frame   0x00000044       0x24 Node3.o

.debug_str      0x00000000     0x84b7
 *(.debug_str)
 .debug_str     0x00000000     0x84a5 Communication_drivers/USB.o
                               0x86c6 (size before relaxing)
 .debug_str     0x000084a5       0x12 Node3.o
                               0x8697 (size before relaxing)

.debug_loc
 *(.debug_loc)

.debug_macinfo
 *(.debug_macinfo)

.debug_weaknames
 *(.debug_weaknames)

.debug_funcnames
 *(.debug_funcnames)

.debug_typenames
 *(.debug_typenames)

.debug_varnames
 *(.debug_varnames)

.debug_pubtypes
 *(.debug_pubtypes)

.debug_ranges   0x00000000       0x30
 *(.debug_ranges)
 .debug_ranges  0x00000000       0x20 Communication_drivers/USB.o
 .debug_ranges  0x00000020       0x10 Node3.o

.debug_macro    0x00000000     0x346b
 *(.debug_macro)
 .debug_macro   0x00000000      0x128 Communication_drivers/USB.o
 .debug_macro   0x00000128      0xab4 Communication_drivers/USB.o
 .debug_macro   0x00000bdc       0x10 Communication_drivers/USB.o
 .debug_macro   0x00000bec       0x10 Communication_drivers/USB.o
 .debug_macro   0x00000bfc      0x1ad Communication_drivers/USB.o
 .debug_macro   0x00000da9      0x293 Communication_drivers/USB.o
 .debug_macro   0x0000103c       0x9e Communication_drivers/USB.o
 .debug_macro   0x000010da     0x18ff Communication_drivers/USB.o
 .debug_macro   0x000029d9       0xe2 Communication_drivers/USB.o
 .debug_macro   0x00002abb      0x1e0 Communication_drivers/USB.o
 .debug_macro   0x00002c9b       0xcb Communication_drivers/USB.o
 .debug_macro   0x00002d66       0x34 Communication_drivers/USB.o
 .debug_macro   0x00002d9a       0x18 Communication_drivers/USB.o
 .debug_macro   0x00002db2       0x6c Communication_drivers/USB.o
 .debug_macro   0x00002e1e       0x69 Communication_drivers/USB.o
 .debug_macro   0x00002e87       0x10 Communication_drivers/USB.o
 .debug_macro   0x00002e97      0x16d Communication_drivers/USB.o
 .debug_macro   0x00003004       0x1c Communication_drivers/USB.o
 .debug_macro   0x00003020      0x10e Communication_drivers/USB.o
 .debug_macro   0x0000312e       0x60 Communication_drivers/USB.o
 .debug_macro   0x0000318e       0x28 Communication_drivers/USB.o
 .debug_macro   0x000031b6       0x58 Communication_drivers/USB.o
 .debug_macro   0x0000320e       0x10 Communication_drivers/USB.o
 .debug_macro   0x0000321e       0x20 Communication_drivers/USB.o
 .debug_macro   0x0000323e       0xeb Communication_drivers/USB.o
 .debug_macro   0x00003329       0x16 Communication_drivers/USB.o
 .debug_macro   0x0000333f      0x12c Node3.o
OUTPUT(Node3USB.elf elf32-avr)
LOAD linker stubs
